10-11 23:43:24.314 14474 14495 I TestRunner: started: testDoubleRotateActivityTwo(course.labs.activitylab.tests.Test4_DoubleRotateActivityTwoTest)
10-11 23:43:24.325 14474 14495 W ActivityTestRule: getActivityIntent() returned null using default: Intent(Intent.ACTION_MAIN)
10-11 23:43:24.357  1011  1069 D SplashScreenView: Build android.window.SplashScreenView{f353c33 V.E...... ......ID 0,0-0,0}
10-11 23:43:24.357  1011  1069 D SplashScreenView: Icon: view: null drawable: null size: 0
10-11 23:43:24.357  1011  1069 D SplashScreenView: Branding: view: android.view.View{4745bf0 G.ED..... ......I. 0,0-0,0 #10204ef android:id/splashscreen_branding_view} drawable: null size w: 0 h: 0
10-11 23:43:24.431   425   425 I BpBinder: onLastStrongRef automatically unlinking death recipients:
10-11 23:43:24.437  1011  1081 E OpenGLRenderer: Unable to match the desired swap behavior.
10-11 23:43:24.452 14474 14474 D LifecycleMonitor: Lifecycle status change: course.labs.activitylab.ActivityOne@bf751bc in: PRE_ON_CREATE
10-11 23:43:24.469  1307  2212 D EGL_emulation: app_time_stats: avg=35.97ms min=2.44ms max=376.14ms count=20
10-11 23:43:24.502  3112  3112 I GsaVoiceInteractionSrv: Handling ACTION_STOP_HOTWORD
10-11 23:43:24.506  3112  3489 E HwDetectorWithState: a: 3
10-11 23:43:24.524 14474 14474 I Lab-ActivityOne: Entered the onCreate() method
10-11 23:43:24.526 14474 14474 D LifecycleMonitor: Lifecycle status change: course.labs.activitylab.ActivityOne@bf751bc in: CREATED
10-11 23:43:24.532 14474 14474 I Lab-ActivityOne: Entered the onStart() method
10-11 23:43:24.533 14474 14474 D LifecycleMonitor: Lifecycle status change: course.labs.activitylab.ActivityOne@bf751bc in: STARTED
10-11 23:43:24.539 14474 14474 I Lab-ActivityOne: Entered the onResume() method
10-11 23:43:24.541 14474 14474 D LifecycleMonitor: Lifecycle status change: course.labs.activitylab.ActivityOne@bf751bc in: RESUMED
10-11 23:43:24.610 14474 14500 E OpenGLRenderer: Unable to match the desired swap behavior.
10-11 23:43:24.610  1011  1081 D EGL_emulation: app_time_stats: avg=3793.14ms min=3793.14ms max=3793.14ms count=1
10-11 23:43:24.645   598   631 W ziparchive: Unable to open '/data/app/~~-wZvAbN3awoBDyNd3rwilA==/course.labs.activitylab-0NEXoKlaBwW5TNs75C0zLg==/base.dm': No such file or directory
10-11 23:43:24.649   598   631 I ActivityTaskManager: Displayed course.labs.activitylab/.ActivityOne for user 0: +307ms
10-11 23:43:24.673   598  2143 I ImeTracker: course.labs.activitylab:9bb02cfb: onRequestHide at ORIGIN_SERVER_HIDE_INPUT reason HIDE_UNSPECIFIED_WINDOW
10-11 23:43:24.673   598  2143 I ImeTracker: course.labs.activitylab:9bb02cfb: onCancelled at PHASE_SERVER_SHOULD_HIDE
10-11 23:43:24.678  1808  1808 I GoogleInputMethodService: GoogleInputMethodService.onFinishInput():3227
10-11 23:43:24.680  1808  1808 I GoogleInputMethodService: GoogleInputMethodService.updateDeviceLockedStatus():2087 repeatCheckTimes = 0, unlocked = true
10-11 23:43:24.681  1808  1808 I GoogleInputMethodService: GoogleInputMethodService.onStartInput():1877 onStartInput(EditorInfo{inputType=0x0(NULL) imeOptions=0x0 privateImeOptions=null actionName=UNSPECIFIED actionLabel=null actionId=0 initialSelStart=-1 initialSelEnd=-1 initialCapsMode=0x0 hintText=null label=null packageName=course.labs.activitylab fieldId=0 fieldName=null extras=null}, false)
10-11 23:43:24.681  1808  1808 I GoogleInputMethodService: GoogleInputMethodService.shouldHideHeaderOnInitialState():4008 ShouldHideHeaderOnInitialState = false
10-11 23:43:24.682  1808  1808 I GoogleInputMethodService: GoogleInputMethodService.updateDeviceLockedStatus():2087 repeatCheckTimes = 2, unlocked = true
10-11 23:43:24.816 14474 14483 W abs.activitylab: Cleared Reference was only reachable from finalizer (only reported once)
10-11 23:43:24.888  1307  2473 D OneSearchSuggestProvider: Shut down the binder channel
10-11 23:43:24.889  1307  1323 I IPCThreadState: oneway function results for code 2 on binder at 0x7cd9e47937b0 will be dropped but finished with status UNKNOWN_TRANSACTION
10-11 23:43:24.893  1307  1350 I ImeTracker: com.google.android.apps.nexuslauncher:312bbd54: onRequestHide at ORIGIN_CLIENT_HIDE_SOFT_INPUT reason HIDE_SOFT_INPUT
10-11 23:43:24.893  1307  1350 I ImeTracker: com.google.android.apps.nexuslauncher:312bbd54: onFailed at PHASE_CLIENT_VIEW_SERVED
10-11 23:43:24.931  1011  1081 D EGL_emulation: app_time_stats: avg=5386.26ms min=5386.26ms max=5386.26ms count=1
10-11 23:43:24.997  1011  1068 W WindowOnBackDispatcher: sendCancelIfRunning: isInProgress=falsecallback=android.view.ViewRootImpl$$ExternalSyntheticLambda17@4cb18fa
10-11 23:43:25.001   598  2618 W InputManager-JNI: Input channel object '5e76501 Splash Screen course.labs.activitylab (client)' was disposed without first being removed with the input manager!
10-11 23:43:25.620 14474 14474 D AutofillManager: Fill dialog is enabled:false, hints=[password, passwordAuto, creditCardNumber, creditCardSecurityCode, creditCardExpirationDate]
10-11 23:43:25.639   419   436 D audioserver: FGS Logger Transaction failed
10-11 23:43:25.639   419   436 D audioserver: -129
10-11 23:43:25.647   419   552 D AudioFlinger: mixer(0x74b194a5c930) throttle end: throttle time(38)
10-11 23:43:25.663 14474 14474 D LifecycleMonitor: Lifecycle status change: course.labs.activitylab.ActivityOne@bf751bc in: PAUSED
10-11 23:43:25.677 14474 14500 D EGL_emulation: app_time_stats: avg=259.58ms min=27.39ms max=937.32ms count=4
10-11 23:43:25.683 14474 14474 D LifecycleMonitor: Lifecycle status change: course.labs.activitylab.ActivityTwo@36bf3bb in: PRE_ON_CREATE
10-11 23:43:25.698   425   425 I BpBinder: onLastStrongRef automatically unlinking death recipients:
10-11 23:43:25.730 14474 14474 I Lab-ActivityTwo: Entered the onCreate() method
10-11 23:43:25.732 14474 14474 D LifecycleMonitor: Lifecycle status change: course.labs.activitylab.ActivityTwo@36bf3bb in: CREATED
10-11 23:43:25.735 14474 14474 I Lab-ActivityTwo: Entered the onStart() method
10-11 23:43:25.738 14474 14474 D LifecycleMonitor: Lifecycle status change: course.labs.activitylab.ActivityTwo@36bf3bb in: STARTED
10-11 23:43:25.742 14474 14474 I Lab-ActivityTwo: Entered the onResume() method
10-11 23:43:25.742 14474 14474 D LifecycleMonitor: Lifecycle status change: course.labs.activitylab.ActivityTwo@36bf3bb in: RESUMED
10-11 23:43:25.758   419   552 D audioserver: FGS Logger Transaction failed
10-11 23:43:25.758   419   552 D audioserver: -129
10-11 23:43:25.792 14474 14500 E OpenGLRenderer: Unable to match the desired swap behavior.
10-11 23:43:25.852   598   631 I ActivityTaskManager: Displayed course.labs.activitylab/.ActivityTwo for user 0: +182ms
10-11 23:43:25.941  1011  1081 D EGL_emulation: app_time_stats: avg=25.18ms min=1.47ms max=97.64ms count=25
10-11 23:43:26.040   598  2143 I ImeTracker: course.labs.activitylab:d790f024: onRequestHide at ORIGIN_SERVER_HIDE_INPUT reason HIDE_UNSPECIFIED_WINDOW
10-11 23:43:26.041   598  2143 I ImeTracker: course.labs.activitylab:d790f024: onCancelled at PHASE_SERVER_SHOULD_HIDE
10-11 23:43:26.045  1808  1808 I GoogleInputMethodService: GoogleInputMethodService.onFinishInput():3227
10-11 23:43:26.048  1808  1808 I GoogleInputMethodService: GoogleInputMethodService.updateDeviceLockedStatus():2087 repeatCheckTimes = 0, unlocked = true
10-11 23:43:26.048  1808  1808 I GoogleInputMethodService: GoogleInputMethodService.onStartInput():1877 onStartInput(EditorInfo{inputType=0x0(NULL) imeOptions=0x0 privateImeOptions=null actionName=UNSPECIFIED actionLabel=null actionId=0 initialSelStart=-1 initialSelEnd=-1 initialCapsMode=0x0 hintText=null label=null packageName=course.labs.activitylab fieldId=0 fieldName=null extras=null}, false)
10-11 23:43:26.048  1808  1808 I GoogleInputMethodService: GoogleInputMethodService.shouldHideHeaderOnInitialState():4008 ShouldHideHeaderOnInitialState = false
10-11 23:43:26.049  1808  1808 I GoogleInputMethodService: GoogleInputMethodService.updateDeviceLockedStatus():2087 repeatCheckTimes = 2, unlocked = true
10-11 23:43:26.263  1011  1011 I NoBackGesture: NavbarController: newConfig={1.0 310mcc260mnc [en_US] ldltr sw393dp w785dp h345dp 440dpi nrml long land finger qwerty/v/v dpad/v winConfig={ mBounds=Rect(0, 0 - 2160, 1080) mAppBounds=Rect(0, 0 - 2160, 1014) mMaxBounds=Rect(0, 0 - 2160, 1080) mDisplayRotation=ROTATION_90 mWindowingMode=fullscreen mDisplayWindowingMode=fullscreen mActivityType=undefined mAlwaysOnTop=undefined mRotation=ROTATION_90} as.4 s.2077 fontWeightAdjustment=0} mTaskbarDelegate initialized=false willApplyConfigToNavbars=false navBarCount=1
10-11 23:43:26.268  1011  1011 I NoBackGesture: Config changed: newConfig={1.0 310mcc260mnc [en_US] ldltr sw393dp w785dp h345dp 440dpi nrml long land finger qwerty/v/v dpad/v winConfig={ mBounds=Rect(0, 0 - 2160, 1080) mAppBounds=Rect(0, 0 - 2160, 1014) mMaxBounds=Rect(0, 0 - 2160, 1080) mDisplayRotation=ROTATION_90 mWindowingMode=fullscreen mDisplayWindowingMode=fullscreen mActivityType=undefined mAlwaysOnTop=undefined mRotation=ROTATION_90} as.4 s.2077 fontWeightAdjustment=0} lastReportedConfig={1.0 310mcc260mnc [en_US] ldltr sw393dp w393dp h737dp 440dpi nrml long port finger qwerty/v/v dpad/v winConfig={ mBounds=Rect(0, 0 - 1080, 2160) mAppBounds=Rect(0, 0 - 1080, 2094) mMaxBounds=Rect(0, 0 - 1080, 2160) mDisplayRotation=ROTATION_0 mWindowingMode=fullscreen mDisplayWindowingMode=fullscreen mActivityType=undefined mAlwaysOnTop=undefined mRotation=ROTATION_0} as.4 s.2043 fontWeightAdjustment=0}
10-11 23:43:26.269  1011  1011 D CentralSurfaces: Received new disable state: enaihbcrso.qingr (unchanged)
10-11 23:43:26.273   425  1002 I BpBinder: onLastStrongRef automatically unlinking death recipients:
10-11 23:43:26.279   598  2160 W ImageReader_JNI: Unable to acquire a buffer item, very likely client tried to acquire more than maxImages buffers
10-11 23:43:26.303  1307  1307 D b/254119092: TaskbarManager#mComponentCallbacks.onConfigurationChanged: {1.0 310mcc260mnc [en_US] ldltr sw393dp w785dp h345dp 440dpi nrml long land finger qwerty/v/v dpad/v winConfig={ mBounds=Rect(0, 0 - 2160, 1080) mAppBounds=Rect(0, 0 - 2160, 1014) mMaxBounds=Rect(0, 0 - 2160, 1080) mDisplayRotation=ROTATION_90 mWindowingMode=fullscreen mDisplayWindowingMode=fullscreen mActivityType=undefined mAlwaysOnTop=undefined mRotation=ROTATION_90} as.3 s.2048 fontWeightAdjustment=0}
10-11 23:43:26.303  1307  1307 D b/254119092: mActivity and mContext agree taskbarIsPresent=false
10-11 23:43:26.304  1808  1808 I DeviceModeUtil: DeviceModeUtil.getDeviceMode():122 Get device mode phone by ui mode:1 and smallestScreenWidthDp:393
10-11 23:43:26.306  1808  1808 W GoogleInputMethodService: GoogleInputMethodService.onConfigurationChanged():1557 onConfigurationChanged() : NewConfig = {1.0 310mcc260mnc [en_US] ldltr sw393dp w785dp h345dp 440dpi nrml long land finger qwerty/v/v dpad/v winConfig={ mBounds=Rect(0, 0 - 2160, 1080) mAppBounds=Rect(0, 0 - 2160, 1014) mMaxBounds=Rect(0, 0 - 2160, 1080) mDisplayRotation=ROTATION_90 mWindowingMode=fullscreen mDisplayWindowingMode=fullscreen mActivityType=undefined mAlwaysOnTop=undefined mRotation=ROTATION_90} as.3 s.2048 fontWeightAdjustment=0}
10-11 23:43:26.307  1808  1808 I GoogleInputMethodService: GoogleInputMethodService.onConfigurationChanged():1575 changedMask : 20000480
10-11 23:43:26.307  1808  1808 I DeviceModeUtil: DeviceModeUtil.getDeviceMode():122 Get device mode phone by ui mode:1 and smallestScreenWidthDp:393
10-11 23:43:26.307  1808  1808 I KeyboardModeManager: KeyboardModeManager.setInputView():364 setInputView() : supportsOneHandedMode=false
10-11 23:43:26.308  1808  1808 I NormalModeController: NormalModeController.getKeyboardBodyViewHolderPaddingBottom():116 currentPrimeKeyboardType:SOFT systemPaddingBottom:-1
10-11 23:43:26.308  1808  1808 I KeyboardModeManager: KeyboardModeManager.setInputView():356 setInputView() : entry=hwn{languageTag=en-US, variant=qwerty, hasLocalizedResources=true, conditionCacheKey=_device=phone_device_size=default_enable_adaptive_text_editing=true_enable_inline_suggestions_on_client_side=false_enable_large_tablet_batch_1=false_enable_large_tablet_batch_2=false_enable_more_candidates_view_for_multilingual=false_enable_nav_redesign=false_enable_number_row=false_enable_preemptive_decode=true_enable_secondary_symbols=false_expressions=normal_four_or_more_letter_rows=false_keyboard_mode=normal_language=en-US_orientation=portrait_physical_keyboard=qwerty_show_secondary_digits=true_show_suggestions=true_split_with_duplicate_keys=true_variant=qwerty, imeDef.stringId=ime_english_united_states, imeDef.className=com.google.android.apps.inputmethod.libs.latin5.LatinIme, imeDef.languageTag=en-US}
10-11 23:43:26.309  1307  1307 D b/254119092: ComponentCallbacks#onConfigurationChanged() configDiffForRecreate={CONFIG_ORIENTATION, CONFIG_SCREEN_SIZE, CONFIG_WINDOW_CONFIGURATION}
10-11 23:43:26.309  1307  1307 D b/254119092: mActivity and mContext agree taskbarIsPresent=false
10-11 23:43:26.309  1307  1307 D b/254119092: destroyExistingTaskbar: null
10-11 23:43:26.309  1307  1307 D b/254119092: mActivity and mContext agree taskbarIsPresent=false
10-11 23:43:26.310  1307  1307 D b/254119092: recreateTaskbar: isTaskbarEnabled=false [dp != null (i.e. mUserUnlocked)]=true FLAG_HIDE_NAVBAR_WINDOW=false dp.isTaskbarPresent=false
10-11 23:43:26.310  1307  1307 D b/254119092: mActivity and mContext agree taskbarIsPresent=false
10-11 23:43:26.311  1307  1307 D b/254119092: DisplayController#onConfigurationChanged: {1.0 310mcc260mnc [en_US] ldltr sw393dp w785dp h345dp 440dpi nrml long land finger qwerty/v/v dpad/v winConfig={ mBounds=Rect(0, 0 - 2160, 1080) mAppBounds=Rect(0, 0 - 2160, 1014) mMaxBounds=Rect(0, 0 - 2160, 1080) mDisplayRotation=ROTATION_90 mWindowingMode=fullscreen mDisplayWindowingMode=fullscreen mActivityType=undefined mAlwaysOnTop=undefined mRotation=ROTATION_90} as.3 s.2048 fontWeightAdjustment=0}
10-11 23:43:26.311  1808  1808 I StyledKeyboardTheme: StyledKeyboardTheme.<init>():87 Pref: [], themeName: [silk:], darkMode: [false], cacheKey: [overlay_builtin_dynamic_color_light_base.binarypb:dynamic-light-fff0f0f3-ff76d1ff-ce191c6173d879ea127e4e40bfd70d3c]
10-11 23:43:26.311  1808  1808 I DeviceModeUtil: DeviceModeUtil.getDeviceMode():122 Get device mode phone by ui mode:1 and smallestScreenWidthDp:393
10-11 23:43:26.312  1808  1808 I DeviceModeUtil: DeviceModeUtil.getDeviceMode():122 Get device mode phone by ui mode:1 and smallestScreenWidthDp:393
10-11 23:43:26.312  1808  1808 I DeviceModeUtil: DeviceModeUtil.getDeviceMode():122 Get device mode phone by ui mode:1 and smallestScreenWidthDp:393
10-11 23:43:26.312  1808  1808 I DeviceModeUtil: DeviceModeUtil.getDeviceMode():122 Get device mode phone by ui mode:1 and smallestScreenWidthDp:393
10-11 23:43:26.312  1808  1808 I GoogleInputMethodService: GoogleInputMethodService.initializeKeyboardTheme():1343 Apply keyboard theme: theme_border_stylesheet_noshadow_gsans_pillkey_silkpopup_refinedkp_materiallight_phone_350_overlay_builtin_dynamic_color_light_base.binarypb:dynamic-light-fff0f0f3-ff76d1ff-ce191c6173d879ea127e4e40bfd70d3c_land
10-11 23:43:26.316 14474 14474 D LifecycleMonitor: Lifecycle status change: course.labs.activitylab.ActivityTwo@36bf3bb in: PAUSED
10-11 23:43:26.322 14474 14474 D LifecycleMonitor: Lifecycle status change: course.labs.activitylab.ActivityTwo@36bf3bb in: STOPPED
10-11 23:43:26.323  1808  1808 I DeviceModeUtil: DeviceModeUtil.getDeviceMode():122 Get device mode phone by ui mode:1 and smallestScreenWidthDp:393
10-11 23:43:26.323  1808  1808 I InputMethodEntryManager: InputMethodEntryManager.startLoadingInputMethodEntrySettings():739 Start loading input method entry settings: [LanguageTagVariantTuple{languageTag=en-US, variant=qwerty}]
10-11 23:43:26.323 14474 14474 D LifecycleMonitor: Lifecycle status change: course.labs.activitylab.ActivityTwo@36bf3bb in: DESTROYED
10-11 23:43:26.323 14474 14474 W WindowOnBackDispatcher: sendCancelIfRunning: isInProgress=falsecallback=android.view.ViewRootImpl$$ExternalSyntheticLambda17@71c3313
10-11 23:43:26.323  1808  1808 I InputMethodEntryManager: InputMethodEntryManager.updateInputMethodEntrySettingsLoadingTask():826 update loading task with resetImplicitlyEnabledEntries is false
10-11 23:43:26.335  1808  1808 I NormalModeController: NormalModeController.getKeyboardBodyViewHolderPaddingBottom():116 currentPrimeKeyboardType:SOFT systemPaddingBottom:-1
10-11 23:43:26.337   598  2143 W InputManager-JNI: Input channel object '2fd04b7 course.labs.activitylab/course.labs.activitylab.ActivityTwo (client)' was disposed without first being removed with the input manager!
10-11 23:43:26.343  1808  1808 I KeyboardViewUtil: KeyboardViewUtil.getKeyboardHeightRatio():189 systemKeyboardHeightRatio:1.000000; userKeyboardHeightRatio:1.000000.
10-11 23:43:26.348  1808  1808 W StyleResolver: StyleResolver.resolveValue():233 Invalid variable: color_silk_surface_background
10-11 23:43:26.355   598   634 I InputManager-JNI: Viewport [0] to add: local:4619827259835644672, isActive: true
10-11 23:43:26.355  1808  1808 I GoogleInputMethodService: GoogleInputMethodService.onStartInput():1877 onStartInput(EditorInfo{inputType=0x0(NULL) imeOptions=0x0 privateImeOptions=null actionName=UNSPECIFIED actionLabel=null actionId=0 initialSelStart=-1 initialSelEnd=-1 initialCapsMode=0x0 hintText=null label=null packageName=course.labs.activitylab fieldId=0 fieldName=null extras=null}, true)
10-11 23:43:26.356  1808  1808 I GoogleInputMethodService: GoogleInputMethodService.shouldHideHeaderOnInitialState():4008 ShouldHideHeaderOnInitialState = false
10-11 23:43:26.358  1307  1307 D b/254119092: DisplayInfoChangeListener#CHANGE_ROTATION
10-11 23:43:26.358  1307  1307 D b/254119092: mActivity and mContext agree taskbarIsPresent=false
10-11 23:43:26.362   598   734 I InputReader: Reconfiguring input devices, changes=DISPLAY_INFO
10-11 23:43:26.363   598   734 I InputReader: Touch device 'virtio_input_multi_touch_11' could not query the properties of its associated display.  The device will be inoperable until the display size becomes available.
10-11 23:43:26.363   598   734 I InputReader: Touch device 'virtio_input_multi_touch_10' could not query the properties of its associated display.  The device will be inoperable until the display size becomes available.
10-11 23:43:26.363   598   734 I InputReader: Touch device 'virtio_input_multi_touch_9' could not query the properties of its associated display.  The device will be inoperable until the display size becomes available.
10-11 23:43:26.364   598   734 I InputReader: Touch device 'virtio_input_multi_touch_8' could not query the properties of its associated display.  The device will be inoperable until the display size becomes available.
10-11 23:43:26.364   598   734 I InputReader: Touch device 'virtio_input_multi_touch_7' could not query the properties of its associated display.  The device will be inoperable until the display size becomes available.
10-11 23:43:26.371   598   734 I InputReader: Touch device 'virtio_input_multi_touch_6' could not query the properties of its associated display.  The device will be inoperable until the display size becomes available.
10-11 23:43:26.372   598   734 I InputReader: Touch device 'virtio_input_multi_touch_5' could not query the properties of its associated display.  The device will be inoperable until the display size becomes available.
10-11 23:43:26.375   598   734 I InputReader: Touch device 'virtio_input_multi_touch_4' could not query the properties of its associated display.  The device will be inoperable until the display size becomes available.
10-11 23:43:26.375   598   734 I InputReader: Touch device 'virtio_input_multi_touch_3' could not query the properties of its associated display.  The device will be inoperable until the display size becomes available.
10-11 23:43:26.375   598   734 I InputReader: Touch device 'virtio_input_multi_touch_2' could not query the properties of its associated display.  The device will be inoperable until the display size becomes available.
10-11 23:43:26.381  1808  1808 I GoogleInputMethodService: GoogleInputMethodService.updateDeviceLockedStatus():2087 repeatCheckTimes = 2, unlocked = true
10-11 23:43:26.382  1808  1808 W SessionManager: SessionManager.beginSession():53 Try to begin an already begun session [INPUT_SESSION], end it first
10-11 23:43:26.392  1808  1808 I InputMethodEntryManager: InputMethodEntryManager$5.onSuccess():845 Success load entries: [LanguageTagVariantTuple{languageTag=en-US, variant=qwerty}], resetImplicitlyEnabledEntries=false
10-11 23:43:26.395  1808  1808 I DeviceModeUtil: DeviceModeUtil.getDeviceMode():122 Get device mode phone by ui mode:1 and smallestScreenWidthDp:393
10-11 23:43:26.395  1196  1223 E SystemServiceRegistry: No service published for: ethernet
10-11 23:43:26.395  1196  1223 E SystemServiceRegistry: android.os.ServiceManager$ServiceNotFoundException: No service published for: ethernet
10-11 23:43:26.395  1196  1223 E SystemServiceRegistry: 	at android.os.ServiceManager.getServiceOrThrow(ServiceManager.java:166)
10-11 23:43:26.395  1196  1223 E SystemServiceRegistry: 	at android.app.SystemServiceRegistry$139.createService(SystemServiceRegistry.java:1872)
10-11 23:43:26.395  1196  1223 E SystemServiceRegistry: 	at android.app.SystemServiceRegistry$CachedServiceFetcher.getService(SystemServiceRegistry.java:1971)
10-11 23:43:26.395  1196  1223 E SystemServiceRegistry: 	at android.app.SystemServiceRegistry.getSystemService(SystemServiceRegistry.java:1645)
10-11 23:43:26.395  1196  1223 E SystemServiceRegistry: 	at android.app.ContextImpl.getSystemService(ContextImpl.java:2212)
10-11 23:43:26.395  1196  1223 E SystemServiceRegistry: 	at android.content.ContextWrapper.getSystemService(ContextWrapper.java:934)
10-11 23:43:26.395  1196  1223 E SystemServiceRegistry: 	at com.android.networkstack.tethering.Tethering.isEthernetSupported(Tethering.java:1582)
10-11 23:43:26.395  1196  1223 E SystemServiceRegistry: 	at com.android.networkstack.tethering.Tethering.makeSupportedDownstreams(Tethering.java:2550)
10-11 23:43:26.395  1196  1223 E SystemServiceRegistry: 	at com.android.networkstack.tethering.Tethering.updateSupportedDownstreams(Tethering.java:2524)
10-11 23:43:26.395  1196  1223 E SystemServiceRegistry: 	at com.android.networkstack.tethering.Tethering.updateConfiguration(Tethering.java:546)
10-11 23:43:26.395  1196  1223 E SystemServiceRegistry: 	at com.android.networkstack.tethering.Tethering.-$$Nest$mupdateConfiguration(Tethering.java:0)
10-11 23:43:26.395  1196  1223 E SystemServiceRegistry: 	at com.android.networkstack.tethering.Tethering$StateReceiver.onReceive(Tethering.java:1184)
10-11 23:43:26.395  1196  1223 E SystemServiceRegistry: 	at android.app.LoadedApk$ReceiverDispatcher$Args.lambda$getRunnable$0(LoadedApk.java:1802)
10-11 23:43:26.395  1196  1223 E SystemServiceRegistry: 	at android.app.LoadedApk$ReceiverDispatcher$Args.$r8$lambda$gDuJqgxY6Zb-ifyeubKeivTLAwk(Unknown Source:0)
10-11 23:43:26.395  1196  1223 E SystemServiceRegistry: 	at android.app.LoadedApk$ReceiverDispatcher$Args$$ExternalSyntheticLambda0.run(Unknown Source:2)
10-11 23:43:26.395  1196  1223 E SystemServiceRegistry: 	at android.os.Handler.handleCallback(Handler.java:958)
10-11 23:43:26.395  1196  1223 E SystemServiceRegistry: 	at android.os.Handler.dispatchMessage(Handler.java:99)
10-11 23:43:26.395  1196  1223 E SystemServiceRegistry: 	at android.os.Looper.loopOnce(Looper.java:205)
10-11 23:43:26.395  1196  1223 E SystemServiceRegistry: 	at android.os.Looper.loop(Looper.java:294)
10-11 23:43:26.395  1196  1223 E SystemServiceRegistry: 	at android.os.HandlerThread.run(HandlerThread.java:67)
10-11 23:43:26.400  1808  2140 I SP      : Registering emoticon_content_description.2022081613, url: https://www.gstatic.com/android/keyboard/emoticon_content_desc/202208161305/superpacks_manifest.json, constraints: W:*:*:*, flags: bg, requested: 2022081613, current: 2022081613
10-11 23:43:26.401  1808  1808 I StyledKeyboardTheme: StyledKeyboardTheme.<init>():87 Pref: [], themeName: [silk:], darkMode: [false], cacheKey: [overlay_builtin_dynamic_color_light_base.binarypb:dynamic-light-fff0f0f3-ff76d1ff-ce191c6173d879ea127e4e40bfd70d3c]
10-11 23:43:26.401  1808  1808 I DeviceModeUtil: DeviceModeUtil.getDeviceMode():122 Get device mode phone by ui mode:1 and smallestScreenWidthDp:393
10-11 23:43:26.401  1808  1808 I DeviceModeUtil: DeviceModeUtil.getDeviceMode():122 Get device mode phone by ui mode:1 and smallestScreenWidthDp:393
10-11 23:43:26.408  1808  1808 I DeviceModeUtil: DeviceModeUtil.getDeviceMode():122 Get device mode phone by ui mode:1 and smallestScreenWidthDp:393
10-11 23:43:26.408  1808  1808 I DeviceModeUtil: DeviceModeUtil.getDeviceMode():122 Get device mode phone by ui mode:1 and smallestScreenWidthDp:393
10-11 23:43:26.409  1808  2140 I SP      : Syncing emoticon_content_description (2022081613) with slices: [7a635888cb828dfa2fc744b7b9b50f04], metadata: false
10-11 23:43:26.409  1808  1808 I GoogleInputMethodService: GoogleInputMethodService.initializeKeyboardTheme():1343 Apply keyboard theme: theme_border_stylesheet_noshadow_gsans_pillkey_silkpopup_refinedkp_materiallight_phone_350_overlay_builtin_dynamic_color_light_base.binarypb:dynamic-light-fff0f0f3-ff76d1ff-ce191c6173d879ea127e4e40bfd70d3c_land
10-11 23:43:26.416 14474 14474 D LifecycleMonitor: Lifecycle status change: course.labs.activitylab.ActivityTwo@556268 in: PRE_ON_CREATE
10-11 23:43:26.422  1808  1808 I GoogleInputMethodService: GoogleInputMethodService.lambda$setDecorViewApplyWindowInsetsListener$10():1155 update screenHeightWithoutNaviBar to: 948
10-11 23:43:26.426  1808  1808 I GoogleInputMethodService: GoogleInputMethodService.lambda$setDecorViewApplyWindowInsetsListener$10():1161 update max height when insets changes
10-11 23:43:26.433  1808  1808 I GoogleInputMethodService: GoogleInputMethodService.lambda$setDecorViewApplyWindowInsetsListener$10():1155 update screenHeightWithoutNaviBar to: 1080
10-11 23:43:26.434  1808  1808 I GoogleInputMethodService: GoogleInputMethodService.lambda$setDecorViewApplyWindowInsetsListener$10():1161 update max height when insets changes
10-11 23:43:26.436  1808  1808 I DictionarySuperpacksManager: DictionarySuperpacksManager$1.onEnabledInputMethodEntriesChanged():61 onEnabledInputMethodEntriesChanged
10-11 23:43:26.521  1808  2140 I SP      : Registering content_cache.2022112214, url: https://www.gstatic.com/android/keyboard/modelpack/contentcache/202211221443/superpacks_manifest.json, constraints: W:*:*:*, flags: bg, requested: 2022112214, current: 2022112214
10-11 23:43:26.532  1011  1011 I NoBackGesture: Config changed: newConfig={1.0 310mcc260mnc [en_US] ldltr sw393dp w785dp h345dp 440dpi nrml long land finger qwerty/v/v dpad/v winConfig={ mBounds=Rect(0, 0 - 2160, 1080) mAppBounds=Rect(0, 0 - 2160, 1014) mMaxBounds=Rect(0, 0 - 2160, 1080) mDisplayRotation=ROTATION_90 mWindowingMode=fullscreen mDisplayWindowingMode=fullscreen mActivityType=undefined mAlwaysOnTop=undefined mRotation=ROTATION_90} as.4 s.2077 fontWeightAdjustment=0} lastReportedConfig={1.0 310mcc260mnc [en_US] ldltr sw393dp w785dp h345dp 440dpi nrml long land finger qwerty/v/v dpad/v winConfig={ mBounds=Rect(0, 0 - 2160, 1080) mAppBounds=Rect(0, 0 - 2160, 1014) mMaxBounds=Rect(0, 0 - 2160, 1080) mDisplayRotation=ROTATION_90 mWindowingMode=fullscreen mDisplayWindowingMode=fullscreen mActivityType=undefined mAlwaysOnTop=undefined mRotation=ROTATION_90} as.4 s.2077 fontWeightAdjustment=0}
10-11 23:43:26.539   425  1002 I BpBinder: onLastStrongRef automatically unlinking death recipients:
10-11 23:43:26.543  1011  1081 E OpenGLRenderer: Unable to match the desired swap behavior.
10-11 23:43:26.549 14474 14474 I Lab-ActivityTwo: Entered the onCreate() method
10-11 23:43:26.552 14474 14474 D LifecycleMonitor: Lifecycle status change: course.labs.activitylab.ActivityTwo@556268 in: CREATED
10-11 23:43:26.555 14474 14474 I Lab-ActivityTwo: Entered the onStart() method
10-11 23:43:26.557 14474 14474 D LifecycleMonitor: Lifecycle status change: course.labs.activitylab.ActivityTwo@556268 in: STARTED
10-11 23:43:26.561 14474 14474 I Lab-ActivityTwo: Entered the onResume() method
10-11 23:43:26.564 14474 14474 D LifecycleMonitor: Lifecycle status change: course.labs.activitylab.ActivityTwo@556268 in: RESUMED
10-11 23:43:26.609  1808  2140 I SP      : Sync for emoticon_content_description succeeded in 202 ms: no changes
10-11 23:43:26.610  1808  2140 I SP      : GC for 'emoticon_content_description' (10) with ttl of 0 ms took 0 ms (0/0/0)
10-11 23:43:26.636 14474 14500 E OpenGLRenderer: Unable to match the desired swap behavior.
10-11 23:43:26.640  1808  2140 I SP      : Syncing content_cache (2022112214) with slices: [e9a5a2de48a4f8b9a658b411bcfb375d, 8722425f4121ffdea802b1066df73991, fa1da98da1212aad6fb9a8efaff48148], metadata: true
10-11 23:43:26.728   598   620 I system_server: NativeAlloc concurrent copying GC freed 504848(20MB) AllocSpace objects, 59(1484KB) LOS objects, 47% free, 27MB/51MB, paused 8.869ms,32.127ms total 448.151ms
10-11 23:43:26.777   598   624 I ImeTracker: course.labs.activitylab:8e792f79: onRequestHide at ORIGIN_SERVER_HIDE_INPUT reason HIDE_UNSPECIFIED_WINDOW
10-11 23:43:26.779   598   624 I ImeTracker: course.labs.activitylab:8e792f79: onCancelled at PHASE_SERVER_SHOULD_HIDE
10-11 23:43:26.793  1808  1808 I GoogleInputMethodService: GoogleInputMethodService.onFinishInput():3227
10-11 23:43:26.798  1808  1808 I GoogleInputMethodService: GoogleInputMethodService.updateDeviceLockedStatus():2087 repeatCheckTimes = 0, unlocked = true
10-11 23:43:26.801  1808  1808 I GoogleInputMethodService: GoogleInputMethodService.onStartInput():1877 onStartInput(EditorInfo{inputType=0x0(NULL) imeOptions=0x0 privateImeOptions=null actionName=UNSPECIFIED actionLabel=null actionId=0 initialSelStart=-1 initialSelEnd=-1 initialCapsMode=0x0 hintText=null label=null packageName=course.labs.activitylab fieldId=0 fieldName=null extras=null}, false)
10-11 23:43:26.802  1808  1808 I GoogleInputMethodService: GoogleInputMethodService.shouldHideHeaderOnInitialState():4008 ShouldHideHeaderOnInitialState = false
10-11 23:43:26.807  1808  1808 I GoogleInputMethodService: GoogleInputMethodService.updateDeviceLockedStatus():2087 repeatCheckTimes = 2, unlocked = true
10-11 23:43:26.822  1011  1081 E OpenGLRenderer: Unable to match the desired swap behavior.
10-11 23:43:26.904   598  2618 I ImeTracker: course.labs.activitylab:58a863e: onRequestHide at ORIGIN_SERVER_HIDE_INPUT reason HIDE_SAME_WINDOW_FOCUSED_WITHOUT_EDITOR
10-11 23:43:26.905   598  2618 I ImeTracker: course.labs.activitylab:58a863e: onCancelled at PHASE_SERVER_SHOULD_HIDE
10-11 23:43:26.912  1808  1808 I GoogleInputMethodService: GoogleInputMethodService.onFinishInput():3227
10-11 23:43:26.915  1808  1808 I GoogleInputMethodService: GoogleInputMethodService.updateDeviceLockedStatus():2087 repeatCheckTimes = 0, unlocked = true
10-11 23:43:26.915  1808  1808 I GoogleInputMethodService: GoogleInputMethodService.onStartInput():1877 onStartInput(EditorInfo{inputType=0x0(NULL) imeOptions=0x0 privateImeOptions=null actionName=UNSPECIFIED actionLabel=null actionId=0 initialSelStart=-1 initialSelEnd=-1 initialCapsMode=0x0 hintText=null label=null packageName=course.labs.activitylab fieldId=0 fieldName=null extras=null}, false)
10-11 23:43:26.916  1808  1808 I GoogleInputMethodService: GoogleInputMethodService.shouldHideHeaderOnInitialState():4008 ShouldHideHeaderOnInitialState = false
10-11 23:43:26.917  1808  1808 I GoogleInputMethodService: GoogleInputMethodService.updateDeviceLockedStatus():2087 repeatCheckTimes = 2, unlocked = true
10-11 23:43:27.012  1808  2140 I SP      : Sync for content_cache succeeded in 403 ms: no changes
10-11 23:43:27.018  1808  2140 I SP      : GC for 'content_cache' (10) with ttl of 0 ms took 0 ms (0/0/0)
10-11 23:43:27.126  1011  1011 I NoBackGesture: NavbarController: newConfig={1.0 310mcc260mnc [en_US] ldltr sw393dp w393dp h737dp 440dpi nrml long port finger qwerty/v/v dpad/v winConfig={ mBounds=Rect(0, 0 - 1080, 2160) mAppBounds=Rect(0, 0 - 1080, 2094) mMaxBounds=Rect(0, 0 - 1080, 2160) mDisplayRotation=ROTATION_0 mWindowingMode=fullscreen mDisplayWindowingMode=fullscreen mActivityType=undefined mAlwaysOnTop=undefined mRotation=ROTATION_0} as.4 s.2111 fontWeightAdjustment=0} mTaskbarDelegate initialized=false willApplyConfigToNavbars=false navBarCount=1
10-11 23:43:27.129  1011  1011 I NoBackGesture: Config changed: newConfig={1.0 310mcc260mnc [en_US] ldltr sw393dp w393dp h737dp 440dpi nrml long port finger qwerty/v/v dpad/v winConfig={ mBounds=Rect(0, 0 - 1080, 2160) mAppBounds=Rect(0, 0 - 1080, 2094) mMaxBounds=Rect(0, 0 - 1080, 2160) mDisplayRotation=ROTATION_0 mWindowingMode=fullscreen mDisplayWindowingMode=fullscreen mActivityType=undefined mAlwaysOnTop=undefined mRotation=ROTATION_0} as.4 s.2111 fontWeightAdjustment=0} lastReportedConfig={1.0 310mcc260mnc [en_US] ldltr sw393dp w785dp h345dp 440dpi nrml long land finger qwerty/v/v dpad/v winConfig={ mBounds=Rect(0, 0 - 2160, 1080) mAppBounds=Rect(0, 0 - 2160, 1014) mMaxBounds=Rect(0, 0 - 2160, 1080) mDisplayRotation=ROTATION_90 mWindowingMode=fullscreen mDisplayWindowingMode=fullscreen mActivityType=undefined mAlwaysOnTop=undefined mRotation=ROTATION_90} as.4 s.2077 fontWeightAdjustment=0}
10-11 23:43:27.141  1011  1011 D CentralSurfaces: Received new disable state: enaihbcrso.qingr (unchanged)
10-11 23:43:27.142   425   435 I BpBinder: onLastStrongRef automatically unlinking death recipients:
10-11 23:43:27.149   598  2160 W ImageReader_JNI: Unable to acquire a buffer item, very likely client tried to acquire more than maxImages buffers
10-11 23:43:27.170  1808  1808 W GoogleInputMethodService: GoogleInputMethodService.onConfigurationChanged():1557 onConfigurationChanged() : NewConfig = {1.0 310mcc260mnc [en_US] ldltr sw393dp w393dp h737dp 440dpi nrml long port finger qwerty/v/v dpad/v winConfig={ mBounds=Rect(0, 0 - 1080, 2160) mAppBounds=Rect(0, 0 - 1080, 2094) mMaxBounds=Rect(0, 0 - 1080, 2160) mDisplayRotation=ROTATION_0 mWindowingMode=fullscreen mDisplayWindowingMode=fullscreen mActivityType=undefined mAlwaysOnTop=undefined mRotation=ROTATION_0} as.3 s.2082 fontWeightAdjustment=0}
10-11 23:43:27.170  1808  1808 I GoogleInputMethodService: GoogleInputMethodService.onConfigurationChanged():1575 changedMask : 20000480
10-11 23:43:27.171  1808  1808 I DeviceModeUtil: DeviceModeUtil.getDeviceMode():122 Get device mode phone by ui mode:1 and smallestScreenWidthDp:393
10-11 23:43:27.171  1808  1808 I KeyboardModeManager: KeyboardModeManager.setInputView():364 setInputView() : supportsOneHandedMode=true
10-11 23:43:27.171  1808  1808 I NormalModeController: NormalModeController.getKeyboardBodyViewHolderPaddingBottom():116 currentPrimeKeyboardType:SOFT systemPaddingBottom:-1
10-11 23:43:27.172  1808  1808 I KeyboardModeManager: KeyboardModeManager.setInputView():356 setInputView() : entry=hwn{languageTag=en-US, variant=qwerty, hasLocalizedResources=true, conditionCacheKey=_device=phone_device_size=default_enable_adaptive_text_editing=true_enable_inline_suggestions_on_client_side=false_enable_large_tablet_batch_1=false_enable_large_tablet_batch_2=false_enable_more_candidates_view_for_multilingual=false_enable_nav_redesign=false_enable_number_row=false_enable_preemptive_decode=true_enable_secondary_symbols=false_expressions=normal_four_or_more_letter_rows=false_keyboard_mode=normal_language=en-US_orientation=landscape_physical_keyboard=qwerty_show_secondary_digits=true_show_suggestions=true_split_with_duplicate_keys=true_variant=qwerty, imeDef.stringId=ime_english_united_states, imeDef.className=com.google.android.apps.inputmethod.libs.latin5.LatinIme, imeDef.languageTag=en-US}
10-11 23:43:27.174  1808  1808 I StyledKeyboardTheme: StyledKeyboardTheme.<init>():87 Pref: [], themeName: [silk:], darkMode: [false], cacheKey: [overlay_builtin_dynamic_color_light_base.binarypb:dynamic-light-fff0f0f3-ff76d1ff-ce191c6173d879ea127e4e40bfd70d3c]
10-11 23:43:27.174  1808  1808 I DeviceModeUtil: DeviceModeUtil.getDeviceMode():122 Get device mode phone by ui mode:1 and smallestScreenWidthDp:393
10-11 23:43:27.174  1808  1808 I DeviceModeUtil: DeviceModeUtil.getDeviceMode():122 Get device mode phone by ui mode:1 and smallestScreenWidthDp:393
10-11 23:43:27.174  1808  1808 I DeviceModeUtil: DeviceModeUtil.getDeviceMode():122 Get device mode phone by ui mode:1 and smallestScreenWidthDp:393
10-11 23:43:27.175  1808  1808 I DeviceModeUtil: DeviceModeUtil.getDeviceMode():122 Get device mode phone by ui mode:1 and smallestScreenWidthDp:393
10-11 23:43:27.176  1808  1808 I DeviceModeUtil: DeviceModeUtil.getDeviceMode():122 Get device mode phone by ui mode:1 and smallestScreenWidthDp:393
10-11 23:43:27.177  1808  1808 I GoogleInputMethodService: GoogleInputMethodService.initializeKeyboardTheme():1343 Apply keyboard theme: theme_border_stylesheet_noshadow_gsans_pillkey_silkpopup_refinedkp_materiallight_phone_350_overlay_builtin_dynamic_color_light_base.binarypb:dynamic-light-fff0f0f3-ff76d1ff-ce191c6173d879ea127e4e40bfd70d3c_port
10-11 23:43:27.177  1307  1307 D b/254119092: TaskbarManager#mComponentCallbacks.onConfigurationChanged: {1.0 310mcc260mnc [en_US] ldltr sw393dp w393dp h737dp 440dpi nrml long port finger qwerty/v/v dpad/v winConfig={ mBounds=Rect(0, 0 - 1080, 2160) mAppBounds=Rect(0, 0 - 1080, 2094) mMaxBounds=Rect(0, 0 - 1080, 2160) mDisplayRotation=ROTATION_0 mWindowingMode=fullscreen mDisplayWindowingMode=fullscreen mActivityType=undefined mAlwaysOnTop=undefined mRotation=ROTATION_0} as.3 s.2082 fontWeightAdjustment=0}
10-11 23:43:27.177  1307  1307 D b/254119092: mActivity and mContext agree taskbarIsPresent=false
10-11 23:43:27.178  1307  1307 D b/254119092: ComponentCallbacks#onConfigurationChanged() configDiffForRecreate={CONFIG_ORIENTATION, CONFIG_SCREEN_SIZE, CONFIG_WINDOW_CONFIGURATION}
10-11 23:43:27.178  1307  1307 D b/254119092: mActivity and mContext agree taskbarIsPresent=false
10-11 23:43:27.181 14474 14474 D LifecycleMonitor: Lifecycle status change: course.labs.activitylab.ActivityTwo@556268 in: PAUSED
10-11 23:43:27.181  1808  1808 I DeviceModeUtil: DeviceModeUtil.getDeviceMode():122 Get device mode phone by ui mode:1 and smallestScreenWidthDp:393
10-11 23:43:27.182  1808  1808 I InputMethodEntryManager: InputMethodEntryManager.startLoadingInputMethodEntrySettings():739 Start loading input method entry settings: [LanguageTagVariantTuple{languageTag=en-US, variant=qwerty}]
10-11 23:43:27.183  1307  1307 D b/254119092: destroyExistingTaskbar: null
10-11 23:43:27.183  1307  1307 D b/254119092: mActivity and mContext agree taskbarIsPresent=false
10-11 23:43:27.183  1307  1307 D b/254119092: recreateTaskbar: isTaskbarEnabled=false [dp != null (i.e. mUserUnlocked)]=true FLAG_HIDE_NAVBAR_WINDOW=false dp.isTaskbarPresent=false
10-11 23:43:27.183  1307  1307 D b/254119092: mActivity and mContext agree taskbarIsPresent=false
10-11 23:43:27.185  1307  1307 D b/254119092: DisplayController#onConfigurationChanged: {1.0 310mcc260mnc [en_US] ldltr sw393dp w393dp h737dp 440dpi nrml long port finger qwerty/v/v dpad/v winConfig={ mBounds=Rect(0, 0 - 1080, 2160) mAppBounds=Rect(0, 0 - 1080, 2094) mMaxBounds=Rect(0, 0 - 1080, 2160) mDisplayRotation=ROTATION_0 mWindowingMode=fullscreen mDisplayWindowingMode=fullscreen mActivityType=undefined mAlwaysOnTop=undefined mRotation=ROTATION_0} as.3 s.2082 fontWeightAdjustment=0}
10-11 23:43:27.185 14474 14474 D LifecycleMonitor: Lifecycle status change: course.labs.activitylab.ActivityTwo@556268 in: STOPPED
10-11 23:43:27.185  1808  1808 I InputMethodEntryManager: InputMethodEntryManager.updateInputMethodEntrySettingsLoadingTask():826 update loading task with resetImplicitlyEnabledEntries is false
10-11 23:43:27.186  1808  1808 I NormalModeController: NormalModeController.getKeyboardBodyViewHolderPaddingBottom():116 currentPrimeKeyboardType:SOFT systemPaddingBottom:-1
10-11 23:43:27.189 14474 14474 D LifecycleMonitor: Lifecycle status change: course.labs.activitylab.ActivityTwo@556268 in: DESTROYED
10-11 23:43:27.189  1808  1808 I DeviceModeUtil: DeviceModeUtil.getDeviceMode():122 Get device mode phone by ui mode:1 and smallestScreenWidthDp:393
10-11 23:43:27.191  1808  1808 I KeyboardViewUtil: KeyboardViewUtil.getKeyboardHeightRatio():189 systemKeyboardHeightRatio:1.000000; userKeyboardHeightRatio:1.000000.
10-11 23:43:27.194 14474 14474 W WindowOnBackDispatcher: sendCancelIfRunning: isInProgress=falsecallback=android.view.ViewRootImpl$$ExternalSyntheticLambda17@5f9d574
10-11 23:43:27.198  1808  1808 W StyleResolver: StyleResolver.resolveValue():233 Invalid variable: color_silk_surface_background
10-11 23:43:27.200   425   425 I BpBinder: onLastStrongRef automatically unlinking death recipients:
10-11 23:43:27.204  1808  1808 I GoogleInputMethodService: GoogleInputMethodService.onStartInput():1877 onStartInput(EditorInfo{inputType=0x0(NULL) imeOptions=0x0 privateImeOptions=null actionName=UNSPECIFIED actionLabel=null actionId=0 initialSelStart=-1 initialSelEnd=-1 initialCapsMode=0x0 hintText=null label=null packageName=course.labs.activitylab fieldId=0 fieldName=null extras=null}, true)
10-11 23:43:27.206  1808  1808 I GoogleInputMethodService: GoogleInputMethodService.shouldHideHeaderOnInitialState():4008 ShouldHideHeaderOnInitialState = false
10-11 23:43:27.209  1808  1808 I GoogleInputMethodService: GoogleInputMethodService.updateDeviceLockedStatus():2087 repeatCheckTimes = 2, unlocked = true
10-11 23:43:27.210  1808  1808 W SessionManager: SessionManager.beginSession():53 Try to begin an already begun session [INPUT_SESSION], end it first
10-11 23:43:27.212  1307  1307 D b/254119092: DisplayInfoChangeListener#CHANGE_ROTATION
10-11 23:43:27.212  1307  1307 D b/254119092: mActivity and mContext agree taskbarIsPresent=false
10-11 23:43:27.217  1808  1808 I DeviceModeUtil: DeviceModeUtil.getDeviceMode():122 Get device mode phone by ui mode:1 and smallestScreenWidthDp:393
10-11 23:43:27.222  1808  1808 I InputMethodEntryManager: InputMethodEntryManager$5.onSuccess():845 Success load entries: [LanguageTagVariantTuple{languageTag=en-US, variant=qwerty}], resetImplicitlyEnabledEntries=false
10-11 23:43:27.223   598  2154 W InputManager-JNI: Input channel object 'b572cee course.labs.activitylab/course.labs.activitylab.ActivityTwo (client)' was disposed without first being removed with the input manager!
10-11 23:43:27.230   598   634 I InputManager-JNI: Viewport [0] to add: local:4619827259835644672, isActive: true
10-11 23:43:27.232  1808  1808 I GoogleInputMethodService: GoogleInputMethodService.lambda$setDecorViewApplyWindowInsetsListener$10():1155 update screenHeightWithoutNaviBar to: 2160
10-11 23:43:27.234  1808  1808 I GoogleInputMethodService: GoogleInputMethodService.lambda$setDecorViewApplyWindowInsetsListener$10():1161 update max height when insets changes
10-11 23:43:27.236   598   734 I InputReader: Reconfiguring input devices, changes=DISPLAY_INFO
10-11 23:43:27.236   598   734 I InputReader: Touch device 'virtio_input_multi_touch_11' could not query the properties of its associated display.  The device will be inoperable until the display size becomes available.
10-11 23:43:27.237   598   734 I InputReader: Touch device 'virtio_input_multi_touch_10' could not query the properties of its associated display.  The device will be inoperable until the display size becomes available.
10-11 23:43:27.238   598   734 I InputReader: Touch device 'virtio_input_multi_touch_9' could not query the properties of its associated display.  The device will be inoperable until the display size becomes available.
10-11 23:43:27.238   598   734 I InputReader: Touch device 'virtio_input_multi_touch_8' could not query the properties of its associated display.  The device will be inoperable until the display size becomes available.
10-11 23:43:27.238   598   734 I InputReader: Touch device 'virtio_input_multi_touch_7' could not query the properties of its associated display.  The device will be inoperable until the display size becomes available.
10-11 23:43:27.239   598   734 I InputReader: Touch device 'virtio_input_multi_touch_6' could not query the properties of its associated display.  The device will be inoperable until the display size becomes available.
10-11 23:43:27.240   598   734 I InputReader: Touch device 'virtio_input_multi_touch_5' could not query the properties of its associated display.  The device will be inoperable until the display size becomes available.
10-11 23:43:27.240   598   734 I InputReader: Touch device 'virtio_input_multi_touch_4' could not query the properties of its associated display.  The device will be inoperable until the display size becomes available.
10-11 23:43:27.241  1808  1808 I GoogleInputMethodService: GoogleInputMethodService.lambda$setDecorViewApplyWindowInsetsListener$10():1155 update screenHeightWithoutNaviBar to: 2028
10-11 23:43:27.242  1808  1808 I GoogleInputMethodService: GoogleInputMethodService.lambda$setDecorViewApplyWindowInsetsListener$10():1161 update max height when insets changes
10-11 23:43:27.244  1808  1808 I DictionarySuperpacksManager: DictionarySuperpacksManager$1.onEnabledInputMethodEntriesChanged():61 onEnabledInputMethodEntriesChanged
10-11 23:43:27.245   598   734 I InputReader: Touch device 'virtio_input_multi_touch_3' could not query the properties of its associated display.  The device will be inoperable until the display size becomes available.
10-11 23:43:27.248   598   734 I InputReader: Touch device 'virtio_input_multi_touch_2' could not query the properties of its associated display.  The device will be inoperable until the display size becomes available.
10-11 23:43:27.249  1808  2140 I SP      : Registering emoticon_content_description.2022081613, url: https://www.gstatic.com/android/keyboard/emoticon_content_desc/202208161305/superpacks_manifest.json, constraints: W:*:*:*, flags: bg, requested: 2022081613, current: 2022081613
10-11 23:43:27.252  1808  1808 I DeviceModeUtil: DeviceModeUtil.getDeviceMode():122 Get device mode phone by ui mode:1 and smallestScreenWidthDp:393
10-11 23:43:27.254  1808  2140 I SP      : Registering content_cache.2022112214, url: https://www.gstatic.com/android/keyboard/modelpack/contentcache/202211221443/superpacks_manifest.json, constraints: W:*:*:*, flags: bg, requested: 2022112214, current: 2022112214
10-11 23:43:27.256  1808  1808 I StyledKeyboardTheme: StyledKeyboardTheme.<init>():87 Pref: [], themeName: [silk:], darkMode: [false], cacheKey: [overlay_builtin_dynamic_color_light_base.binarypb:dynamic-light-fff0f0f3-ff76d1ff-ce191c6173d879ea127e4e40bfd70d3c]
10-11 23:43:27.256  1808  1808 I DeviceModeUtil: DeviceModeUtil.getDeviceMode():122 Get device mode phone by ui mode:1 and smallestScreenWidthDp:393
10-11 23:43:27.257  1808  1808 I DeviceModeUtil: DeviceModeUtil.getDeviceMode():122 Get device mode phone by ui mode:1 and smallestScreenWidthDp:393
10-11 23:43:27.257  1808  1808 I DeviceModeUtil: DeviceModeUtil.getDeviceMode():122 Get device mode phone by ui mode:1 and smallestScreenWidthDp:393
10-11 23:43:27.257  1808  1808 I DeviceModeUtil: DeviceModeUtil.getDeviceMode():122 Get device mode phone by ui mode:1 and smallestScreenWidthDp:393
10-11 23:43:27.258  1808  1808 I DeviceModeUtil: DeviceModeUtil.getDeviceMode():122 Get device mode phone by ui mode:1 and smallestScreenWidthDp:393
10-11 23:43:27.259  1808  1808 I GoogleInputMethodService: GoogleInputMethodService.initializeKeyboardTheme():1343 Apply keyboard theme: theme_border_stylesheet_noshadow_gsans_pillkey_silkpopup_refinedkp_materiallight_phone_350_overlay_builtin_dynamic_color_light_base.binarypb:dynamic-light-fff0f0f3-ff76d1ff-ce191c6173d879ea127e4e40bfd70d3c_port
10-11 23:43:27.267 14474 14474 D LifecycleMonitor: Lifecycle status change: course.labs.activitylab.ActivityTwo@49e4a6a in: PRE_ON_CREATE
10-11 23:43:27.271 14373 14374 I AidlLazyServiceRegistrar: Process has 0 (of 1 available) client(s) in use after notification artd has clients: 0
10-11 23:43:27.272 14373 14374 I AidlLazyServiceRegistrar: Trying to shut down the service. No clients in use for any service in process.
10-11 23:43:27.278 14373 14374 I AidlLazyServiceRegistrar: Unregistered all clients and exiting
10-11 23:43:27.292  1196  1223 E SystemServiceRegistry: No service published for: ethernet
10-11 23:43:27.292  1196  1223 E SystemServiceRegistry: android.os.ServiceManager$ServiceNotFoundException: No service published for: ethernet
10-11 23:43:27.292  1196  1223 E SystemServiceRegistry: 	at android.os.ServiceManager.getServiceOrThrow(ServiceManager.java:166)
10-11 23:43:27.292  1196  1223 E SystemServiceRegistry: 	at android.app.SystemServiceRegistry$139.createService(SystemServiceRegistry.java:1872)
10-11 23:43:27.292  1196  1223 E SystemServiceRegistry: 	at android.app.SystemServiceRegistry$CachedServiceFetcher.getService(SystemServiceRegistry.java:1971)
10-11 23:43:27.292  1196  1223 E SystemServiceRegistry: 	at android.app.SystemServiceRegistry.getSystemService(SystemServiceRegistry.java:1645)
10-11 23:43:27.292  1196  1223 E SystemServiceRegistry: 	at android.app.ContextImpl.getSystemService(ContextImpl.java:2212)
10-11 23:43:27.292  1196  1223 E SystemServiceRegistry: 	at android.content.ContextWrapper.getSystemService(ContextWrapper.java:934)
10-11 23:43:27.292  1196  1223 E SystemServiceRegistry: 	at com.android.networkstack.tethering.Tethering.isEthernetSupported(Tethering.java:1582)
10-11 23:43:27.292  1196  1223 E SystemServiceRegistry: 	at com.android.networkstack.tethering.Tethering.makeSupportedDownstreams(Tethering.java:2550)
10-11 23:43:27.292  1196  1223 E SystemServiceRegistry: 	at com.android.networkstack.tethering.Tethering.updateSupportedDownstreams(Tethering.java:2524)
