10-11 23:43:06.970 14474 14495 I TestRunner: started: testDoubleRotation(course.labs.activitylab.tests.Test2_DoubleRotateActivityOneTest)
10-11 23:43:06.972 14474 14495 W ActivityTestRule: getActivityIntent() returned null using default: Intent(Intent.ACTION_MAIN)
10-11 23:43:06.984  1011  1069 D SplashScreenView: Build android.window.SplashScreenView{d5a8c09 V.E...... ......ID 0,0-0,0}
10-11 23:43:06.984  1011  1069 D SplashScreenView: Icon: view: null drawable: null size: 0
10-11 23:43:06.984  1011  1069 D SplashScreenView: Branding: view: android.view.View{e2e8e0e G.ED..... ......I. 0,0-0,0 #10204ef android:id/splashscreen_branding_view} drawable: null size w: 0 h: 0
10-11 23:43:07.013   425   425 I BpBinder: onLastStrongRef automatically unlinking death recipients:
10-11 23:43:07.021 14474 14474 D LifecycleMonitor: Lifecycle status change: course.labs.activitylab.ActivityOne@31ad836 in: PRE_ON_CREATE
10-11 23:43:07.026  1011  1081 E OpenGLRenderer: Unable to match the desired swap behavior.
10-11 23:43:07.061 14474 14474 I Lab-ActivityOne: Entered the onCreate() method
10-11 23:43:07.062 14474 14474 D LifecycleMonitor: Lifecycle status change: course.labs.activitylab.ActivityOne@31ad836 in: CREATED
10-11 23:43:07.064 14474 14474 I Lab-ActivityOne: Entered the onStart() method
10-11 23:43:07.065 14474 14474 D LifecycleMonitor: Lifecycle status change: course.labs.activitylab.ActivityOne@31ad836 in: STARTED
10-11 23:43:07.068 14474 14474 I Lab-ActivityOne: Entered the onResume() method
10-11 23:43:07.069 14474 14474 D LifecycleMonitor: Lifecycle status change: course.labs.activitylab.ActivityOne@31ad836 in: RESUMED
10-11 23:43:07.096  3112  3112 I GsaVoiceInteractionSrv: Handling ACTION_STOP_HOTWORD
10-11 23:43:07.098  3112  3489 E HwDetectorWithState: a: 3
10-11 23:43:07.105 14474 14500 E OpenGLRenderer: Unable to match the desired swap behavior.
10-11 23:43:07.112  1307  2212 D EGL_emulation: app_time_stats: avg=21.31ms min=1.80ms max=349.29ms count=36
10-11 23:43:07.157  1011  1081 D EGL_emulation: app_time_stats: avg=475.18ms min=7.03ms max=5263.06ms count=12
10-11 23:43:07.207   598   631 W ziparchive: Unable to open '/data/app/~~-wZvAbN3awoBDyNd3rwilA==/course.labs.activitylab-0NEXoKlaBwW5TNs75C0zLg==/base.dm': No such file or directory
10-11 23:43:07.211   598   631 I ActivityTaskManager: Displayed course.labs.activitylab/.ActivityOne for user 0: +232ms
10-11 23:43:07.232   598  2141 I ImeTracker: course.labs.activitylab:8ca09aee: onRequestHide at ORIGIN_SERVER_HIDE_INPUT reason HIDE_UNSPECIFIED_WINDOW
10-11 23:43:07.233   598  2141 I ImeTracker: course.labs.activitylab:8ca09aee: onCancelled at PHASE_SERVER_SHOULD_HIDE
10-11 23:43:07.236  1808  1808 I GoogleInputMethodService: GoogleInputMethodService.onFinishInput():3227
10-11 23:43:07.238  1808  1808 I GoogleInputMethodService: GoogleInputMethodService.updateDeviceLockedStatus():2087 repeatCheckTimes = 0, unlocked = true
10-11 23:43:07.239  1808  1808 I GoogleInputMethodService: GoogleInputMethodService.onStartInput():1877 onStartInput(EditorInfo{inputType=0x0(NULL) imeOptions=0x0 privateImeOptions=null actionName=UNSPECIFIED actionLabel=null actionId=0 initialSelStart=-1 initialSelEnd=-1 initialCapsMode=0x0 hintText=null label=null packageName=course.labs.activitylab fieldId=0 fieldName=null extras=null}, false)
10-11 23:43:07.240  1808  1808 I GoogleInputMethodService: GoogleInputMethodService.shouldHideHeaderOnInitialState():4008 ShouldHideHeaderOnInitialState = false
10-11 23:43:07.242  1808  1808 I GoogleInputMethodService: GoogleInputMethodService.updateDeviceLockedStatus():2087 repeatCheckTimes = 2, unlocked = true
10-11 23:43:07.416  1307  1350 I ImeTracker: com.google.android.apps.nexuslauncher:8a9a60a3: onRequestHide at ORIGIN_CLIENT_HIDE_SOFT_INPUT reason HIDE_SOFT_INPUT
10-11 23:43:07.416  1307  2473 D OneSearchSuggestProvider: Shut down the binder channel
10-11 23:43:07.417  1307  1350 I ImeTracker: com.google.android.apps.nexuslauncher:8a9a60a3: onFailed at PHASE_CLIENT_VIEW_SERVED
10-11 23:43:07.423  1011  1081 D EGL_emulation: app_time_stats: avg=3872.38ms min=3872.38ms max=3872.38ms count=1
10-11 23:43:07.426  1307  1323 I IPCThreadState: oneway function results for code 2 on binder at 0x7cd9e47b6be0 will be dropped but finished with status UNKNOWN_TRANSACTION
10-11 23:43:07.500  1011  1068 W WindowOnBackDispatcher: sendCancelIfRunning: isInProgress=falsecallback=android.view.ViewRootImpl$$ExternalSyntheticLambda17@db60a28
10-11 23:43:07.504   598   624 W InputManager-JNI: Input channel object 'b9397e8 Splash Screen course.labs.activitylab (client)' was disposed without first being removed with the input manager!
10-11 23:43:07.971  1011  1011 D StatusBarIconController: ignoring old pipeline callback because the new wifi icon is enabled
10-11 23:43:08.449  1011  1081 D EGL_emulation: app_time_stats: avg=10.40ms min=1.54ms max=50.36ms count=41
10-11 23:43:08.913  1011  1011 I NoBackGesture: NavbarController: newConfig={1.0 310mcc260mnc [en_US] ldltr sw393dp w785dp h345dp 440dpi nrml long land finger qwerty/v/v dpad/v winConfig={ mBounds=Rect(0, 0 - 2160, 1080) mAppBounds=Rect(0, 0 - 2160, 1014) mMaxBounds=Rect(0, 0 - 2160, 1080) mDisplayRotation=ROTATION_90 mWindowingMode=fullscreen mDisplayWindowingMode=fullscreen mActivityType=undefined mAlwaysOnTop=undefined mRotation=ROTATION_90} as.4 s.2009 fontWeightAdjustment=0} mTaskbarDelegate initialized=false willApplyConfigToNavbars=false navBarCount=1
10-11 23:43:08.916  1011  1011 I NoBackGesture: Config changed: newConfig={1.0 310mcc260mnc [en_US] ldltr sw393dp w785dp h345dp 440dpi nrml long land finger qwerty/v/v dpad/v winConfig={ mBounds=Rect(0, 0 - 2160, 1080) mAppBounds=Rect(0, 0 - 2160, 1014) mMaxBounds=Rect(0, 0 - 2160, 1080) mDisplayRotation=ROTATION_90 mWindowingMode=fullscreen mDisplayWindowingMode=fullscreen mActivityType=undefined mAlwaysOnTop=undefined mRotation=ROTATION_90} as.4 s.2009 fontWeightAdjustment=0} lastReportedConfig={1.0 310mcc260mnc [en_US] ldltr sw393dp w393dp h737dp 440dpi nrml long port finger qwerty/v/v dpad/v winConfig={ mBounds=Rect(0, 0 - 1080, 2160) mAppBounds=Rect(0, 0 - 1080, 2094) mMaxBounds=Rect(0, 0 - 1080, 2160) mDisplayRotation=ROTATION_0 mWindowingMode=fullscreen mDisplayWindowingMode=fullscreen mActivityType=undefined mAlwaysOnTop=undefined mRotation=ROTATION_0} as.4 s.1975 fontWeightAdjustment=0}
10-11 23:43:08.916  1011  1011 D CentralSurfaces: Received new disable state: enaihbcrso.qingr (unchanged)
10-11 23:43:08.920   425   437 I BpBinder: onLastStrongRef automatically unlinking death recipients:
10-11 23:43:08.922   598   624 W ImageReader_JNI: Unable to acquire a buffer item, very likely client tried to acquire more than maxImages buffers
10-11 23:43:08.939  1307  1307 D b/254119092: TaskbarManager#mComponentCallbacks.onConfigurationChanged: {1.0 310mcc260mnc [en_US] ldltr sw393dp w785dp h345dp 440dpi nrml long land finger qwerty/v/v dpad/v winConfig={ mBounds=Rect(0, 0 - 2160, 1080) mAppBounds=Rect(0, 0 - 2160, 1014) mMaxBounds=Rect(0, 0 - 2160, 1080) mDisplayRotation=ROTATION_90 mWindowingMode=fullscreen mDisplayWindowingMode=fullscreen mActivityType=undefined mAlwaysOnTop=undefined mRotation=ROTATION_90} as.3 s.1980 fontWeightAdjustment=0}
10-11 23:43:08.939  1307  1307 D b/254119092: mActivity and mContext agree taskbarIsPresent=false
10-11 23:43:08.940  1307  1307 D b/254119092: ComponentCallbacks#onConfigurationChanged() configDiffForRecreate={CONFIG_ORIENTATION, CONFIG_SCREEN_SIZE, CONFIG_WINDOW_CONFIGURATION}
10-11 23:43:08.940  1307  1307 D b/254119092: mActivity and mContext agree taskbarIsPresent=false
10-11 23:43:08.940  1307  1307 D b/254119092: destroyExistingTaskbar: null
10-11 23:43:08.940  1307  1307 D b/254119092: mActivity and mContext agree taskbarIsPresent=false
10-11 23:43:08.940  1307  1307 D b/254119092: recreateTaskbar: isTaskbarEnabled=false [dp != null (i.e. mUserUnlocked)]=true FLAG_HIDE_NAVBAR_WINDOW=false dp.isTaskbarPresent=false
10-11 23:43:08.940  1307  1307 D b/254119092: mActivity and mContext agree taskbarIsPresent=false
10-11 23:43:08.941  1808  1808 W GoogleInputMethodService: GoogleInputMethodService.onConfigurationChanged():1557 onConfigurationChanged() : NewConfig = {1.0 310mcc260mnc [en_US] ldltr sw393dp w785dp h345dp 440dpi nrml long land finger qwerty/v/v dpad/v winConfig={ mBounds=Rect(0, 0 - 2160, 1080) mAppBounds=Rect(0, 0 - 2160, 1014) mMaxBounds=Rect(0, 0 - 2160, 1080) mDisplayRotation=ROTATION_90 mWindowingMode=fullscreen mDisplayWindowingMode=fullscreen mActivityType=undefined mAlwaysOnTop=undefined mRotation=ROTATION_90} as.3 s.1980 fontWeightAdjustment=0}
10-11 23:43:08.941  1307  1307 D b/254119092: DisplayController#onConfigurationChanged: {1.0 310mcc260mnc [en_US] ldltr sw393dp w785dp h345dp 440dpi nrml long land finger qwerty/v/v dpad/v winConfig={ mBounds=Rect(0, 0 - 2160, 1080) mAppBounds=Rect(0, 0 - 2160, 1014) mMaxBounds=Rect(0, 0 - 2160, 1080) mDisplayRotation=ROTATION_90 mWindowingMode=fullscreen mDisplayWindowingMode=fullscreen mActivityType=undefined mAlwaysOnTop=undefined mRotation=ROTATION_90} as.3 s.1980 fontWeightAdjustment=0}
10-11 23:43:08.941  1808  1808 I GoogleInputMethodService: GoogleInputMethodService.onConfigurationChanged():1575 changedMask : 20000480
10-11 23:43:08.941  1808  1808 I DeviceModeUtil: DeviceModeUtil.getDeviceMode():122 Get device mode phone by ui mode:1 and smallestScreenWidthDp:393
10-11 23:43:08.941  1808  1808 I KeyboardModeManager: KeyboardModeManager.setInputView():364 setInputView() : supportsOneHandedMode=false
10-11 23:43:08.942  1808  1808 I NormalModeController: NormalModeController.getKeyboardBodyViewHolderPaddingBottom():116 currentPrimeKeyboardType:SOFT systemPaddingBottom:-1
10-11 23:43:08.942  1808  1808 I KeyboardModeManager: KeyboardModeManager.setInputView():356 setInputView() : entry=hwn{languageTag=en-US, variant=qwerty, hasLocalizedResources=true, conditionCacheKey=_device=phone_device_size=default_enable_adaptive_text_editing=true_enable_inline_suggestions_on_client_side=false_enable_large_tablet_batch_1=false_enable_large_tablet_batch_2=false_enable_more_candidates_view_for_multilingual=false_enable_nav_redesign=false_enable_number_row=false_enable_preemptive_decode=true_enable_secondary_symbols=false_expressions=normal_four_or_more_letter_rows=false_keyboard_mode=normal_language=en-US_orientation=portrait_physical_keyboard=qwerty_show_secondary_digits=true_show_suggestions=true_split_with_duplicate_keys=true_variant=qwerty, imeDef.stringId=ime_english_united_states, imeDef.className=com.google.android.apps.inputmethod.libs.latin5.LatinIme, imeDef.languageTag=en-US}
10-11 23:43:08.943 14474 14474 D LifecycleMonitor: Lifecycle status change: course.labs.activitylab.ActivityOne@31ad836 in: PAUSED
10-11 23:43:08.946  1808  1808 I StyledKeyboardTheme: StyledKeyboardTheme.<init>():87 Pref: [], themeName: [silk:], darkMode: [false], cacheKey: [overlay_builtin_dynamic_color_light_base.binarypb:dynamic-light-fff0f0f3-ff76d1ff-ce191c6173d879ea127e4e40bfd70d3c]
10-11 23:43:08.946 14474 14474 D LifecycleMonitor: Lifecycle status change: course.labs.activitylab.ActivityOne@31ad836 in: STOPPED
10-11 23:43:08.947  1808  1808 I DeviceModeUtil: DeviceModeUtil.getDeviceMode():122 Get device mode phone by ui mode:1 and smallestScreenWidthDp:393
10-11 23:43:08.947  1808  1808 I DeviceModeUtil: DeviceModeUtil.getDeviceMode():122 Get device mode phone by ui mode:1 and smallestScreenWidthDp:393
10-11 23:43:08.948  1808  1808 I DeviceModeUtil: DeviceModeUtil.getDeviceMode():122 Get device mode phone by ui mode:1 and smallestScreenWidthDp:393
10-11 23:43:08.948  1808  1808 I DeviceModeUtil: DeviceModeUtil.getDeviceMode():122 Get device mode phone by ui mode:1 and smallestScreenWidthDp:393
10-11 23:43:08.948  1808  1808 I GoogleInputMethodService: GoogleInputMethodService.initializeKeyboardTheme():1343 Apply keyboard theme: theme_border_stylesheet_noshadow_gsans_pillkey_silkpopup_refinedkp_materiallight_phone_350_overlay_builtin_dynamic_color_light_base.binarypb:dynamic-light-fff0f0f3-ff76d1ff-ce191c6173d879ea127e4e40bfd70d3c_land
10-11 23:43:08.949 14474 14474 D LifecycleMonitor: Lifecycle status change: course.labs.activitylab.ActivityOne@31ad836 in: DESTROYED
10-11 23:43:08.949 14474 14474 W WindowOnBackDispatcher: sendCancelIfRunning: isInProgress=falsecallback=android.view.ViewRootImpl$$ExternalSyntheticLambda17@bae91c5
10-11 23:43:08.951  1808  1808 I DeviceModeUtil: DeviceModeUtil.getDeviceMode():122 Get device mode phone by ui mode:1 and smallestScreenWidthDp:393
10-11 23:43:08.954  1808  1808 I InputMethodEntryManager: InputMethodEntryManager.startLoadingInputMethodEntrySettings():739 Start loading input method entry settings: [LanguageTagVariantTuple{languageTag=en-US, variant=qwerty}]
10-11 23:43:08.956  1808  1808 I InputMethodEntryManager: InputMethodEntryManager.updateInputMethodEntrySettingsLoadingTask():826 update loading task with resetImplicitlyEnabledEntries is false
10-11 23:43:08.958  1808  1808 I NormalModeController: NormalModeController.getKeyboardBodyViewHolderPaddingBottom():116 currentPrimeKeyboardType:SOFT systemPaddingBottom:-1
10-11 23:43:08.959  1307  1307 D b/254119092: DisplayInfoChangeListener#CHANGE_ROTATION
10-11 23:43:08.959  1307  1307 D b/254119092: mActivity and mContext agree taskbarIsPresent=false
10-11 23:43:08.961   598   634 I InputManager-JNI: Viewport [0] to add: local:4619827259835644672, isActive: true
10-11 23:43:08.963   598   734 I InputReader: Reconfiguring input devices, changes=DISPLAY_INFO
10-11 23:43:08.965   598   734 I InputReader: Touch device 'virtio_input_multi_touch_11' could not query the properties of its associated display.  The device will be inoperable until the display size becomes available.
10-11 23:43:08.965   598   734 I InputReader: Touch device 'virtio_input_multi_touch_10' could not query the properties of its associated display.  The device will be inoperable until the display size becomes available.
10-11 23:43:08.965   598   734 I InputReader: Touch device 'virtio_input_multi_touch_9' could not query the properties of its associated display.  The device will be inoperable until the display size becomes available.
10-11 23:43:08.966   598   734 I InputReader: Touch device 'virtio_input_multi_touch_8' could not query the properties of its associated display.  The device will be inoperable until the display size becomes available.
10-11 23:43:08.967   598   734 I InputReader: Touch device 'virtio_input_multi_touch_7' could not query the properties of its associated display.  The device will be inoperable until the display size becomes available.
10-11 23:43:08.967   598   734 I InputReader: Touch device 'virtio_input_multi_touch_6' could not query the properties of its associated display.  The device will be inoperable until the display size becomes available.
10-11 23:43:08.968   598   734 I InputReader: Touch device 'virtio_input_multi_touch_5' could not query the properties of its associated display.  The device will be inoperable until the display size becomes available.
10-11 23:43:08.969   598   734 I InputReader: Touch device 'virtio_input_multi_touch_4' could not query the properties of its associated display.  The device will be inoperable until the display size becomes available.
10-11 23:43:08.969   598   734 I InputReader: Touch device 'virtio_input_multi_touch_3' could not query the properties of its associated display.  The device will be inoperable until the display size becomes available.
10-11 23:43:08.970   598   734 I InputReader: Touch device 'virtio_input_multi_touch_2' could not query the properties of its associated display.  The device will be inoperable until the display size becomes available.
10-11 23:43:08.973  1808  1808 I KeyboardViewUtil: KeyboardViewUtil.getKeyboardHeightRatio():189 systemKeyboardHeightRatio:1.000000; userKeyboardHeightRatio:1.000000.
10-11 23:43:08.980   425   425 I BpBinder: onLastStrongRef automatically unlinking death recipients:
10-11 23:43:08.991   598  1078 W InputManager-JNI: Input channel object 'c4ffc39 course.labs.activitylab/course.labs.activitylab.ActivityOne (client)' was disposed without first being removed with the input manager!
10-11 23:43:09.002  1808  1808 W StyleResolver: StyleResolver.resolveValue():233 Invalid variable: color_silk_surface_background
10-11 23:43:09.007  1196  1223 E SystemServiceRegistry: No service published for: ethernet
10-11 23:43:09.007  1196  1223 E SystemServiceRegistry: android.os.ServiceManager$ServiceNotFoundException: No service published for: ethernet
10-11 23:43:09.007  1196  1223 E SystemServiceRegistry: 	at android.os.ServiceManager.getServiceOrThrow(ServiceManager.java:166)
10-11 23:43:09.007  1196  1223 E SystemServiceRegistry: 	at android.app.SystemServiceRegistry$139.createService(SystemServiceRegistry.java:1872)
10-11 23:43:09.007  1196  1223 E SystemServiceRegistry: 	at android.app.SystemServiceRegistry$CachedServiceFetcher.getService(SystemServiceRegistry.java:1971)
10-11 23:43:09.007  1196  1223 E SystemServiceRegistry: 	at android.app.SystemServiceRegistry.getSystemService(SystemServiceRegistry.java:1645)
10-11 23:43:09.007  1196  1223 E SystemServiceRegistry: 	at android.app.ContextImpl.getSystemService(ContextImpl.java:2212)
10-11 23:43:09.007  1196  1223 E SystemServiceRegistry: 	at android.content.ContextWrapper.getSystemService(ContextWrapper.java:934)
10-11 23:43:09.007  1196  1223 E SystemServiceRegistry: 	at com.android.networkstack.tethering.Tethering.isEthernetSupported(Tethering.java:1582)
10-11 23:43:09.007  1196  1223 E SystemServiceRegistry: 	at com.android.networkstack.tethering.Tethering.makeSupportedDownstreams(Tethering.java:2550)
10-11 23:43:09.007  1196  1223 E SystemServiceRegistry: 	at com.android.networkstack.tethering.Tethering.updateSupportedDownstreams(Tethering.java:2524)
10-11 23:43:09.007  1196  1223 E SystemServiceRegistry: 	at com.android.networkstack.tethering.Tethering.updateConfiguration(Tethering.java:546)
10-11 23:43:09.007  1196  1223 E SystemServiceRegistry: 	at com.android.networkstack.tethering.Tethering.-$$Nest$mupdateConfiguration(Tethering.java:0)
10-11 23:43:09.007  1196  1223 E SystemServiceRegistry: 	at com.android.networkstack.tethering.Tethering$StateReceiver.onReceive(Tethering.java:1184)
10-11 23:43:09.007  1196  1223 E SystemServiceRegistry: 	at android.app.LoadedApk$ReceiverDispatcher$Args.lambda$getRunnable$0(LoadedApk.java:1802)
10-11 23:43:09.007  1196  1223 E SystemServiceRegistry: 	at android.app.LoadedApk$ReceiverDispatcher$Args.$r8$lambda$gDuJqgxY6Zb-ifyeubKeivTLAwk(Unknown Source:0)
10-11 23:43:09.007  1196  1223 E SystemServiceRegistry: 	at android.app.LoadedApk$ReceiverDispatcher$Args$$ExternalSyntheticLambda0.run(Unknown Source:2)
10-11 23:43:09.007  1196  1223 E SystemServiceRegistry: 	at android.os.Handler.handleCallback(Handler.java:958)
10-11 23:43:09.007  1196  1223 E SystemServiceRegistry: 	at android.os.Handler.dispatchMessage(Handler.java:99)
10-11 23:43:09.007  1196  1223 E SystemServiceRegistry: 	at android.os.Looper.loopOnce(Looper.java:205)
10-11 23:43:09.007  1196  1223 E SystemServiceRegistry: 	at android.os.Looper.loop(Looper.java:294)
10-11 23:43:09.007  1196  1223 E SystemServiceRegistry: 	at android.os.HandlerThread.run(HandlerThread.java:67)
10-11 23:43:09.007  1808  1808 I GoogleInputMethodService: GoogleInputMethodService.onStartInput():1877 onStartInput(EditorInfo{inputType=0x0(NULL) imeOptions=0x0 privateImeOptions=null actionName=UNSPECIFIED actionLabel=null actionId=0 initialSelStart=-1 initialSelEnd=-1 initialCapsMode=0x0 hintText=null label=null packageName=course.labs.activitylab fieldId=0 fieldName=null extras=null}, true)
10-11 23:43:09.008  1808  1808 I GoogleInputMethodService: GoogleInputMethodService.shouldHideHeaderOnInitialState():4008 ShouldHideHeaderOnInitialState = false
10-11 23:43:09.013  1808  1808 I GoogleInputMethodService: GoogleInputMethodService.updateDeviceLockedStatus():2087 repeatCheckTimes = 2, unlocked = true
10-11 23:43:09.013  1808  1808 W SessionManager: SessionManager.beginSession():53 Try to begin an already begun session [INPUT_SESSION], end it first
10-11 23:43:09.017  1808  1808 I DeviceModeUtil: DeviceModeUtil.getDeviceMode():122 Get device mode phone by ui mode:1 and smallestScreenWidthDp:393
10-11 23:43:09.019  1808  1808 I GoogleInputMethodService: GoogleInputMethodService.lambda$setDecorViewApplyWindowInsetsListener$10():1155 update screenHeightWithoutNaviBar to: 948
10-11 23:43:09.020  1808  1808 I GoogleInputMethodService: GoogleInputMethodService.lambda$setDecorViewApplyWindowInsetsListener$10():1161 update max height when insets changes
10-11 23:43:09.027 14474 14474 D LifecycleMonitor: Lifecycle status change: course.labs.activitylab.ActivityOne@7221ad4 in: PRE_ON_CREATE
10-11 23:43:09.032  1808  1808 I GoogleInputMethodService: GoogleInputMethodService.lambda$setDecorViewApplyWindowInsetsListener$10():1155 update screenHeightWithoutNaviBar to: 1080
10-11 23:43:09.033  1808  1808 I GoogleInputMethodService: GoogleInputMethodService.lambda$setDecorViewApplyWindowInsetsListener$10():1161 update max height when insets changes
10-11 23:43:09.034  1808  1808 I InputMethodEntryManager: InputMethodEntryManager$5.onSuccess():845 Success load entries: [LanguageTagVariantTuple{languageTag=en-US, variant=qwerty}], resetImplicitlyEnabledEntries=false
10-11 23:43:09.036  1808  1808 I DeviceModeUtil: DeviceModeUtil.getDeviceMode():122 Get device mode phone by ui mode:1 and smallestScreenWidthDp:393
10-11 23:43:09.038  1808  1808 I StyledKeyboardTheme: StyledKeyboardTheme.<init>():87 Pref: [], themeName: [silk:], darkMode: [false], cacheKey: [overlay_builtin_dynamic_color_light_base.binarypb:dynamic-light-fff0f0f3-ff76d1ff-ce191c6173d879ea127e4e40bfd70d3c]
10-11 23:43:09.039  1808  1808 I DeviceModeUtil: DeviceModeUtil.getDeviceMode():122 Get device mode phone by ui mode:1 and smallestScreenWidthDp:393
10-11 23:43:09.039  1808  1808 I DeviceModeUtil: DeviceModeUtil.getDeviceMode():122 Get device mode phone by ui mode:1 and smallestScreenWidthDp:393
10-11 23:43:09.040  1808  1808 I DeviceModeUtil: DeviceModeUtil.getDeviceMode():122 Get device mode phone by ui mode:1 and smallestScreenWidthDp:393
10-11 23:43:09.040  1808  1808 I DeviceModeUtil: DeviceModeUtil.getDeviceMode():122 Get device mode phone by ui mode:1 and smallestScreenWidthDp:393
10-11 23:43:09.041  1808  1808 I GoogleInputMethodService: GoogleInputMethodService.initializeKeyboardTheme():1343 Apply keyboard theme: theme_border_stylesheet_noshadow_gsans_pillkey_silkpopup_refinedkp_materiallight_phone_350_overlay_builtin_dynamic_color_light_base.binarypb:dynamic-light-fff0f0f3-ff76d1ff-ce191c6173d879ea127e4e40bfd70d3c_land
10-11 23:43:09.048  1808  1808 I DictionarySuperpacksManager: DictionarySuperpacksManager$1.onEnabledInputMethodEntriesChanged():61 onEnabledInputMethodEntriesChanged
10-11 23:43:09.051  1808  2140 I SP      : Registering emoticon_content_description.2022081613, url: https://www.gstatic.com/android/keyboard/emoticon_content_desc/202208161305/superpacks_manifest.json, constraints: W:*:*:*, flags: bg, requested: 2022081613, current: 2022081613
10-11 23:43:09.059  1808  2140 I SP      : Registering content_cache.2022112214, url: https://www.gstatic.com/android/keyboard/modelpack/contentcache/202211221443/superpacks_manifest.json, constraints: W:*:*:*, flags: bg, requested: 2022112214, current: 2022112214
10-11 23:43:09.067  1808  2140 I SP      : Syncing emoticon_content_description (2022081613) with slices: [7a635888cb828dfa2fc744b7b9b50f04], metadata: false
10-11 23:43:09.074  1808  2140 I SP      : Syncing content_cache (2022112214) with slices: [e9a5a2de48a4f8b9a658b411bcfb375d, 8722425f4121ffdea802b1066df73991, fa1da98da1212aad6fb9a8efaff48148], metadata: true
10-11 23:43:09.084  1011  1011 I NoBackGesture: Config changed: newConfig={1.0 310mcc260mnc [en_US] ldltr sw393dp w785dp h345dp 440dpi nrml long land finger qwerty/v/v dpad/v winConfig={ mBounds=Rect(0, 0 - 2160, 1080) mAppBounds=Rect(0, 0 - 2160, 1014) mMaxBounds=Rect(0, 0 - 2160, 1080) mDisplayRotation=ROTATION_90 mWindowingMode=fullscreen mDisplayWindowingMode=fullscreen mActivityType=undefined mAlwaysOnTop=undefined mRotation=ROTATION_90} as.4 s.2009 fontWeightAdjustment=0} lastReportedConfig={1.0 310mcc260mnc [en_US] ldltr sw393dp w785dp h345dp 440dpi nrml long land finger qwerty/v/v dpad/v winConfig={ mBounds=Rect(0, 0 - 2160, 1080) mAppBounds=Rect(0, 0 - 2160, 1014) mMaxBounds=Rect(0, 0 - 2160, 1080) mDisplayRotation=ROTATION_90 mWindowingMode=fullscreen mDisplayWindowingMode=fullscreen mActivityType=undefined mAlwaysOnTop=undefined mRotation=ROTATION_90} as.4 s.2009 fontWeightAdjustment=0}
10-11 23:43:09.088   425   437 I BpBinder: onLastStrongRef automatically unlinking death recipients:
10-11 23:43:09.092  1011  1081 E OpenGLRenderer: Unable to match the desired swap behavior.
10-11 23:43:09.094 14474 14474 I Lab-ActivityOne: Entered the onCreate() method
10-11 23:43:09.096 14474 14474 D LifecycleMonitor: Lifecycle status change: course.labs.activitylab.ActivityOne@7221ad4 in: CREATED
10-11 23:43:09.097 14474 14474 I Lab-ActivityOne: Entered the onStart() method
10-11 23:43:09.098 14474 14474 D LifecycleMonitor: Lifecycle status change: course.labs.activitylab.ActivityOne@7221ad4 in: STARTED
10-11 23:43:09.102 14474 14474 I Lab-ActivityOne: Entered the onResume() method
10-11 23:43:09.102 14474 14474 D LifecycleMonitor: Lifecycle status change: course.labs.activitylab.ActivityOne@7221ad4 in: RESUMED
10-11 23:43:09.158 14474 14500 E OpenGLRenderer: Unable to match the desired swap behavior.
10-11 23:43:09.160  1011  1081 E OpenGLRenderer: Unable to match the desired swap behavior.
10-11 23:43:09.405   598  2141 I ImeTracker: course.labs.activitylab:a573c83d: onRequestHide at ORIGIN_SERVER_HIDE_INPUT reason HIDE_UNSPECIFIED_WINDOW
10-11 23:43:09.407   598  2141 I ImeTracker: course.labs.activitylab:a573c83d: onCancelled at PHASE_SERVER_SHOULD_HIDE
10-11 23:43:09.410  1808  1808 I GoogleInputMethodService: GoogleInputMethodService.onFinishInput():3227
10-11 23:43:09.416  1808  1808 I GoogleInputMethodService: GoogleInputMethodService.updateDeviceLockedStatus():2087 repeatCheckTimes = 0, unlocked = true
10-11 23:43:09.416  1808  1808 I GoogleInputMethodService: GoogleInputMethodService.onStartInput():1877 onStartInput(EditorInfo{inputType=0x0(NULL) imeOptions=0x0 privateImeOptions=null actionName=UNSPECIFIED actionLabel=null actionId=0 initialSelStart=-1 initialSelEnd=-1 initialCapsMode=0x0 hintText=null label=null packageName=course.labs.activitylab fieldId=0 fieldName=null extras=null}, false)
10-11 23:43:09.416  1808  1808 I GoogleInputMethodService: GoogleInputMethodService.shouldHideHeaderOnInitialState():4008 ShouldHideHeaderOnInitialState = false
10-11 23:43:09.426  1808  1808 I GoogleInputMethodService: GoogleInputMethodService.updateDeviceLockedStatus():2087 repeatCheckTimes = 2, unlocked = true
10-11 23:43:09.446  1808  2140 I SP      : Sync for emoticon_content_description succeeded in 381 ms: no changes
10-11 23:43:09.447  1808  2140 I SP      : Sync for content_cache succeeded in 382 ms: no changes
10-11 23:43:09.448  1808  2140 I SP      : GC for 'emoticon_content_description' (10) with ttl of 0 ms took 1 ms (0/0/1)
10-11 23:43:09.448  1808  2140 I SP      : GC for 'content_cache' (10) with ttl of 0 ms took 0 ms (0/0/0)
10-11 23:43:10.149  1011  1081 D EGL_emulation: app_time_stats: avg=28.53ms min=2.18ms max=126.71ms count=34
10-11 23:43:10.476  1011  1011 I NoBackGesture: NavbarController: newConfig={1.0 310mcc260mnc [en_US] ldltr sw393dp w393dp h737dp 440dpi nrml long port finger qwerty/v/v dpad/v winConfig={ mBounds=Rect(0, 0 - 1080, 2160) mAppBounds=Rect(0, 0 - 1080, 2094) mMaxBounds=Rect(0, 0 - 1080, 2160) mDisplayRotation=ROTATION_0 mWindowingMode=fullscreen mDisplayWindowingMode=fullscreen mActivityType=undefined mAlwaysOnTop=undefined mRotation=ROTATION_0} as.4 s.2043 fontWeightAdjustment=0} mTaskbarDelegate initialized=false willApplyConfigToNavbars=false navBarCount=1
10-11 23:43:10.478  1011  1011 I NoBackGesture: Config changed: newConfig={1.0 310mcc260mnc [en_US] ldltr sw393dp w393dp h737dp 440dpi nrml long port finger qwerty/v/v dpad/v winConfig={ mBounds=Rect(0, 0 - 1080, 2160) mAppBounds=Rect(0, 0 - 1080, 2094) mMaxBounds=Rect(0, 0 - 1080, 2160) mDisplayRotation=ROTATION_0 mWindowingMode=fullscreen mDisplayWindowingMode=fullscreen mActivityType=undefined mAlwaysOnTop=undefined mRotation=ROTATION_0} as.4 s.2043 fontWeightAdjustment=0} lastReportedConfig={1.0 310mcc260mnc [en_US] ldltr sw393dp w785dp h345dp 440dpi nrml long land finger qwerty/v/v dpad/v winConfig={ mBounds=Rect(0, 0 - 2160, 1080) mAppBounds=Rect(0, 0 - 2160, 1014) mMaxBounds=Rect(0, 0 - 2160, 1080) mDisplayRotation=ROTATION_90 mWindowingMode=fullscreen mDisplayWindowingMode=fullscreen mActivityType=undefined mAlwaysOnTop=undefined mRotation=ROTATION_90} as.4 s.2009 fontWeightAdjustment=0}
10-11 23:43:10.479  1011  1011 D CentralSurfaces: Received new disable state: enaihbcrso.qingr (unchanged)
10-11 23:43:10.493   425   435 I BpBinder: onLastStrongRef automatically unlinking death recipients:
10-11 23:43:10.508   598  1078 W ImageReader_JNI: Unable to acquire a buffer item, very likely client tried to acquire more than maxImages buffers
10-11 23:43:10.526  1808  1808 W GoogleInputMethodService: GoogleInputMethodService.onConfigurationChanged():1557 onConfigurationChanged() : NewConfig = {1.0 310mcc260mnc [en_US] ldltr sw393dp w393dp h737dp 440dpi nrml long port finger qwerty/v/v dpad/v winConfig={ mBounds=Rect(0, 0 - 1080, 2160) mAppBounds=Rect(0, 0 - 1080, 2094) mMaxBounds=Rect(0, 0 - 1080, 2160) mDisplayRotation=ROTATION_0 mWindowingMode=fullscreen mDisplayWindowingMode=fullscreen mActivityType=undefined mAlwaysOnTop=undefined mRotation=ROTATION_0} as.3 s.2014 fontWeightAdjustment=0}
10-11 23:43:10.523  1307  1307 D b/254119092: TaskbarManager#mComponentCallbacks.onConfigurationChanged: {1.0 310mcc260mnc [en_US] ldltr sw393dp w393dp h737dp 440dpi nrml long port finger qwerty/v/v dpad/v winConfig={ mBounds=Rect(0, 0 - 1080, 2160) mAppBounds=Rect(0, 0 - 1080, 2094) mMaxBounds=Rect(0, 0 - 1080, 2160) mDisplayRotation=ROTATION_0 mWindowingMode=fullscreen mDisplayWindowingMode=fullscreen mActivityType=undefined mAlwaysOnTop=undefined mRotation=ROTATION_0} as.3 s.2014 fontWeightAdjustment=0}
10-11 23:43:10.523  1307  1307 D b/254119092: mActivity and mContext agree taskbarIsPresent=false
10-11 23:43:10.526  1307  1307 D b/254119092: ComponentCallbacks#onConfigurationChanged() configDiffForRecreate={CONFIG_ORIENTATION, CONFIG_SCREEN_SIZE, CONFIG_WINDOW_CONFIGURATION}
10-11 23:43:10.526  1307  1307 D b/254119092: mActivity and mContext agree taskbarIsPresent=false
10-11 23:43:10.526  1307  1307 D b/254119092: destroyExistingTaskbar: null
10-11 23:43:10.526  1307  1307 D b/254119092: mActivity and mContext agree taskbarIsPresent=false
10-11 23:43:10.526  1808  1808 I GoogleInputMethodService: GoogleInputMethodService.onConfigurationChanged():1575 changedMask : 20000480
10-11 23:43:10.527  1307  1307 D b/254119092: recreateTaskbar: isTaskbarEnabled=false [dp != null (i.e. mUserUnlocked)]=true FLAG_HIDE_NAVBAR_WINDOW=false dp.isTaskbarPresent=false
10-11 23:43:10.527  1307  1307 D b/254119092: mActivity and mContext agree taskbarIsPresent=false
10-11 23:43:10.528  1307  1307 D b/254119092: DisplayController#onConfigurationChanged: {1.0 310mcc260mnc [en_US] ldltr sw393dp w393dp h737dp 440dpi nrml long port finger qwerty/v/v dpad/v winConfig={ mBounds=Rect(0, 0 - 1080, 2160) mAppBounds=Rect(0, 0 - 1080, 2094) mMaxBounds=Rect(0, 0 - 1080, 2160) mDisplayRotation=ROTATION_0 mWindowingMode=fullscreen mDisplayWindowingMode=fullscreen mActivityType=undefined mAlwaysOnTop=undefined mRotation=ROTATION_0} as.3 s.2014 fontWeightAdjustment=0}
10-11 23:43:10.530  1808  1808 I DeviceModeUtil: DeviceModeUtil.getDeviceMode():122 Get device mode phone by ui mode:1 and smallestScreenWidthDp:393
10-11 23:43:10.532  1808  1808 I KeyboardModeManager: KeyboardModeManager.setInputView():364 setInputView() : supportsOneHandedMode=true
10-11 23:43:10.532  1808  1808 I NormalModeController: NormalModeController.getKeyboardBodyViewHolderPaddingBottom():116 currentPrimeKeyboardType:SOFT systemPaddingBottom:-1
10-11 23:43:10.534  1808  1808 I KeyboardModeManager: KeyboardModeManager.setInputView():356 setInputView() : entry=hwn{languageTag=en-US, variant=qwerty, hasLocalizedResources=true, conditionCacheKey=_device=phone_device_size=default_enable_adaptive_text_editing=true_enable_inline_suggestions_on_client_side=false_enable_large_tablet_batch_1=false_enable_large_tablet_batch_2=false_enable_more_candidates_view_for_multilingual=false_enable_nav_redesign=false_enable_number_row=false_enable_preemptive_decode=true_enable_secondary_symbols=false_expressions=normal_four_or_more_letter_rows=false_keyboard_mode=normal_language=en-US_orientation=landscape_physical_keyboard=qwerty_show_secondary_digits=true_show_suggestions=true_split_with_duplicate_keys=true_variant=qwerty, imeDef.stringId=ime_english_united_states, imeDef.className=com.google.android.apps.inputmethod.libs.latin5.LatinIme, imeDef.languageTag=en-US}
10-11 23:43:10.538  1808  1808 I StyledKeyboardTheme: StyledKeyboardTheme.<init>():87 Pref: [], themeName: [silk:], darkMode: [false], cacheKey: [overlay_builtin_dynamic_color_light_base.binarypb:dynamic-light-fff0f0f3-ff76d1ff-ce191c6173d879ea127e4e40bfd70d3c]
10-11 23:43:10.541  1808  1808 I DeviceModeUtil: DeviceModeUtil.getDeviceMode():122 Get device mode phone by ui mode:1 and smallestScreenWidthDp:393
10-11 23:43:10.543  1808  1808 I DeviceModeUtil: DeviceModeUtil.getDeviceMode():122 Get device mode phone by ui mode:1 and smallestScreenWidthDp:393
10-11 23:43:10.546  1808  1808 I DeviceModeUtil: DeviceModeUtil.getDeviceMode():122 Get device mode phone by ui mode:1 and smallestScreenWidthDp:393
10-11 23:43:10.546  1808  1808 I DeviceModeUtil: DeviceModeUtil.getDeviceMode():122 Get device mode phone by ui mode:1 and smallestScreenWidthDp:393
10-11 23:43:10.547  1808  1808 I DeviceModeUtil: DeviceModeUtil.getDeviceMode():122 Get device mode phone by ui mode:1 and smallestScreenWidthDp:393
10-11 23:43:10.548  1808  1808 I GoogleInputMethodService: GoogleInputMethodService.initializeKeyboardTheme():1343 Apply keyboard theme: theme_border_stylesheet_noshadow_gsans_pillkey_silkpopup_refinedkp_materiallight_phone_350_overlay_builtin_dynamic_color_light_base.binarypb:dynamic-light-fff0f0f3-ff76d1ff-ce191c6173d879ea127e4e40bfd70d3c_port
10-11 23:43:10.551  1808  1808 I DeviceModeUtil: DeviceModeUtil.getDeviceMode():122 Get device mode phone by ui mode:1 and smallestScreenWidthDp:393
10-11 23:43:10.552  1808  1808 I InputMethodEntryManager: InputMethodEntryManager.startLoadingInputMethodEntrySettings():739 Start loading input method entry settings: [LanguageTagVariantTuple{languageTag=en-US, variant=qwerty}]
10-11 23:43:10.553  1808  1808 I InputMethodEntryManager: InputMethodEntryManager.updateInputMethodEntrySettingsLoadingTask():826 update loading task with resetImplicitlyEnabledEntries is false
10-11 23:43:10.555  1808  1808 I NormalModeController: NormalModeController.getKeyboardBodyViewHolderPaddingBottom():116 currentPrimeKeyboardType:SOFT systemPaddingBottom:-1
10-11 23:43:10.557   598   634 I InputManager-JNI: Viewport [0] to add: local:4619827259835644672, isActive: true
10-11 23:43:10.557   598   734 I InputReader: Reconfiguring input devices, changes=DISPLAY_INFO
10-11 23:43:10.557   598   734 I InputReader: Touch device 'virtio_input_multi_touch_11' could not query the properties of its associated display.  The device will be inoperable until the display size becomes available.
10-11 23:43:10.558   598   734 I InputReader: Touch device 'virtio_input_multi_touch_10' could not query the properties of its associated display.  The device will be inoperable until the display size becomes available.
10-11 23:43:10.558   598   734 I InputReader: Touch device 'virtio_input_multi_touch_9' could not query the properties of its associated display.  The device will be inoperable until the display size becomes available.
10-11 23:43:10.559   598   734 I InputReader: Touch device 'virtio_input_multi_touch_8' could not query the properties of its associated display.  The device will be inoperable until the display size becomes available.
10-11 23:43:10.559   598   734 I InputReader: Touch device 'virtio_input_multi_touch_7' could not query the properties of its associated display.  The device will be inoperable until the display size becomes available.
10-11 23:43:10.559   598   734 I InputReader: Touch device 'virtio_input_multi_touch_6' could not query the properties of its associated display.  The device will be inoperable until the display size becomes available.
10-11 23:43:10.559   598   734 I InputReader: Touch device 'virtio_input_multi_touch_5' could not query the properties of its associated display.  The device will be inoperable until the display size becomes available.
10-11 23:43:10.559   598   734 I InputReader: Touch device 'virtio_input_multi_touch_4' could not query the properties of its associated display.  The device will be inoperable until the display size becomes available.
10-11 23:43:10.560   598   734 I InputReader: Touch device 'virtio_input_multi_touch_3' could not query the properties of its associated display.  The device will be inoperable until the display size becomes available.
10-11 23:43:10.560   598   734 I InputReader: Touch device 'virtio_input_multi_touch_2' could not query the properties of its associated display.  The device will be inoperable until the display size becomes available.
10-11 23:43:10.565 14474 14500 D EGL_emulation: app_time_stats: avg=444.09ms min=55.16ms max=1131.73ms count=3
10-11 23:43:10.570  1307  1307 D b/254119092: DisplayInfoChangeListener#CHANGE_ROTATION
10-11 23:43:10.570  1307  1307 D b/254119092: mActivity and mContext agree taskbarIsPresent=false
10-11 23:43:10.571 14474 14474 D LifecycleMonitor: Lifecycle status change: course.labs.activitylab.ActivityOne@7221ad4 in: PAUSED
10-11 23:43:10.575  1808  1808 I DeviceModeUtil: DeviceModeUtil.getDeviceMode():122 Get device mode phone by ui mode:1 and smallestScreenWidthDp:393
10-11 23:43:10.576  1808  1808 I KeyboardViewUtil: KeyboardViewUtil.getKeyboardHeightRatio():189 systemKeyboardHeightRatio:1.000000; userKeyboardHeightRatio:1.000000.
10-11 23:43:10.576 14474 14474 D LifecycleMonitor: Lifecycle status change: course.labs.activitylab.ActivityOne@7221ad4 in: STOPPED
10-11 23:43:10.577 14474 14474 D LifecycleMonitor: Lifecycle status change: course.labs.activitylab.ActivityOne@7221ad4 in: DESTROYED
10-11 23:43:10.577 14474 14474 W WindowOnBackDispatcher: sendCancelIfRunning: isInProgress=falsecallback=android.view.ViewRootImpl$$ExternalSyntheticLambda17@ce8aea0
10-11 23:43:10.582   425   425 I BpBinder: onLastStrongRef automatically unlinking death recipients:
10-11 23:43:10.585  1196  1223 E SystemServiceRegistry: No service published for: ethernet
10-11 23:43:10.585  1196  1223 E SystemServiceRegistry: android.os.ServiceManager$ServiceNotFoundException: No service published for: ethernet
10-11 23:43:10.585  1196  1223 E SystemServiceRegistry: 	at android.os.ServiceManager.getServiceOrThrow(ServiceManager.java:166)
10-11 23:43:10.585  1196  1223 E SystemServiceRegistry: 	at android.app.SystemServiceRegistry$139.createService(SystemServiceRegistry.java:1872)
10-11 23:43:10.585  1196  1223 E SystemServiceRegistry: 	at android.app.SystemServiceRegistry$CachedServiceFetcher.getService(SystemServiceRegistry.java:1971)
10-11 23:43:10.585  1196  1223 E SystemServiceRegistry: 	at android.app.SystemServiceRegistry.getSystemService(SystemServiceRegistry.java:1645)
10-11 23:43:10.585  1196  1223 E SystemServiceRegistry: 	at android.app.ContextImpl.getSystemService(ContextImpl.java:2212)
10-11 23:43:10.585  1196  1223 E SystemServiceRegistry: 	at android.content.ContextWrapper.getSystemService(ContextWrapper.java:934)
10-11 23:43:10.585  1196  1223 E SystemServiceRegistry: 	at com.android.networkstack.tethering.Tethering.isEthernetSupported(Tethering.java:1582)
10-11 23:43:10.585  1196  1223 E SystemServiceRegistry: 	at com.android.networkstack.tethering.Tethering.makeSupportedDownstreams(Tethering.java:2550)
10-11 23:43:10.585  1196  1223 E SystemServiceRegistry: 	at com.android.networkstack.tethering.Tethering.updateSupportedDownstreams(Tethering.java:2524)
10-11 23:43:10.585  1196  1223 E SystemServiceRegistry: 	at com.android.networkstack.tethering.Tethering.updateConfiguration(Tethering.java:546)
10-11 23:43:10.585  1196  1223 E SystemServiceRegistry: 	at com.android.networkstack.tethering.Tethering.-$$Nest$mupdateConfiguration(Tethering.java:0)
10-11 23:43:10.585  1196  1223 E SystemServiceRegistry: 	at com.android.networkstack.tethering.Tethering$StateReceiver.onReceive(Tethering.java:1184)
10-11 23:43:10.585  1196  1223 E SystemServiceRegistry: 	at android.app.LoadedApk$ReceiverDispatcher$Args.lambda$getRunnable$0(LoadedApk.java:1802)
10-11 23:43:10.585  1196  1223 E SystemServiceRegistry: 	at android.app.LoadedApk$ReceiverDispatcher$Args.$r8$lambda$gDuJqgxY6Zb-ifyeubKeivTLAwk(Unknown Source:0)
10-11 23:43:10.585  1196  1223 E SystemServiceRegistry: 	at android.app.LoadedApk$ReceiverDispatcher$Args$$ExternalSyntheticLambda0.run(Unknown Source:2)
10-11 23:43:10.585  1196  1223 E SystemServiceRegistry: 	at android.os.Handler.handleCallback(Handler.java:958)
10-11 23:43:10.585  1196  1223 E SystemServiceRegistry: 	at android.os.Handler.dispatchMessage(Handler.java:99)
10-11 23:43:10.585  1196  1223 E SystemServiceRegistry: 	at android.os.Looper.loopOnce(Looper.java:205)
10-11 23:43:10.585  1196  1223 E SystemServiceRegistry: 	at android.os.Looper.loop(Looper.java:294)
10-11 23:43:10.585  1196  1223 E SystemServiceRegistry: 	at android.os.HandlerThread.run(HandlerThread.java:67)
10-11 23:43:10.586  1808  1808 W StyleResolver: StyleResolver.resolveValue():233 Invalid variable: color_silk_surface_background
10-11 23:43:10.587  1808  1808 I GoogleInputMethodService: GoogleInputMethodService.onStartInput():1877 onStartInput(EditorInfo{inputType=0x0(NULL) imeOptions=0x0 privateImeOptions=null actionName=UNSPECIFIED actionLabel=null actionId=0 initialSelStart=-1 initialSelEnd=-1 initialCapsMode=0x0 hintText=null label=null packageName=course.labs.activitylab fieldId=0 fieldName=null extras=null}, true)
10-11 23:43:10.588  1808  1808 I GoogleInputMethodService: GoogleInputMethodService.shouldHideHeaderOnInitialState():4008 ShouldHideHeaderOnInitialState = false
10-11 23:43:10.589   598   702 W InputManager-JNI: Input channel object '74fbb90 course.labs.activitylab/course.labs.activitylab.ActivityOne (client)' was disposed without first being removed with the input manager!
10-11 23:43:10.593  1808  1808 I GoogleInputMethodService: GoogleInputMethodService.updateDeviceLockedStatus():2087 repeatCheckTimes = 2, unlocked = true
10-11 23:43:10.593  1808  1808 W SessionManager: SessionManager.beginSession():53 Try to begin an already begun session [INPUT_SESSION], end it first
10-11 23:43:10.598  1808  1808 I DeviceModeUtil: DeviceModeUtil.getDeviceMode():122 Get device mode phone by ui mode:1 and smallestScreenWidthDp:393
10-11 23:43:10.598  1808  1808 I InputMethodEntryManager: InputMethodEntryManager$5.onSuccess():845 Success load entries: [LanguageTagVariantTuple{languageTag=en-US, variant=qwerty}], resetImplicitlyEnabledEntries=false
10-11 23:43:10.599  1808  1808 I DeviceModeUtil: DeviceModeUtil.getDeviceMode():122 Get device mode phone by ui mode:1 and smallestScreenWidthDp:393
10-11 23:43:10.603  1808  1808 I StyledKeyboardTheme: StyledKeyboardTheme.<init>():87 Pref: [], themeName: [silk:], darkMode: [false], cacheKey: [overlay_builtin_dynamic_color_light_base.binarypb:dynamic-light-fff0f0f3-ff76d1ff-ce191c6173d879ea127e4e40bfd70d3c]
10-11 23:43:10.603  1808  1808 I DeviceModeUtil: DeviceModeUtil.getDeviceMode():122 Get device mode phone by ui mode:1 and smallestScreenWidthDp:393
10-11 23:43:10.605  1808  1808 I DeviceModeUtil: DeviceModeUtil.getDeviceMode():122 Get device mode phone by ui mode:1 and smallestScreenWidthDp:393
10-11 23:43:10.606  1808  1808 I DeviceModeUtil: DeviceModeUtil.getDeviceMode():122 Get device mode phone by ui mode:1 and smallestScreenWidthDp:393
10-11 23:43:10.606  1808  1808 I DeviceModeUtil: DeviceModeUtil.getDeviceMode():122 Get device mode phone by ui mode:1 and smallestScreenWidthDp:393
10-11 23:43:10.607  1808  1808 I DeviceModeUtil: DeviceModeUtil.getDeviceMode():122 Get device mode phone by ui mode:1 and smallestScreenWidthDp:393
10-11 23:43:10.608  1808  1808 I GoogleInputMethodService: GoogleInputMethodService.initializeKeyboardTheme():1343 Apply keyboard theme: theme_border_stylesheet_noshadow_gsans_pillkey_silkpopup_refinedkp_materiallight_phone_350_overlay_builtin_dynamic_color_light_base.binarypb:dynamic-light-fff0f0f3-ff76d1ff-ce191c6173d879ea127e4e40bfd70d3c_port
10-11 23:43:10.615  1808  1808 I GoogleInputMethodService: GoogleInputMethodService.lambda$setDecorViewApplyWindowInsetsListener$10():1155 update screenHeightWithoutNaviBar to: 2160
10-11 23:43:10.618  1808  1808 I GoogleInputMethodService: GoogleInputMethodService.lambda$setDecorViewApplyWindowInsetsListener$10():1161 update max height when insets changes
10-11 23:43:10.623  1808  1808 I GoogleInputMethodService: GoogleInputMethodService.lambda$setDecorViewApplyWindowInsetsListener$10():1155 update screenHeightWithoutNaviBar to: 2028
10-11 23:43:10.623  1808  1808 I GoogleInputMethodService: GoogleInputMethodService.lambda$setDecorViewApplyWindowInsetsListener$10():1161 update max height when insets changes
10-11 23:43:10.625  1808  1808 I DictionarySuperpacksManager: DictionarySuperpacksManager$1.onEnabledInputMethodEntriesChanged():61 onEnabledInputMethodEntriesChanged
10-11 23:43:10.627  1808  1808 I KeyboardDefManager: KeyboardDefManager$LoadKeyboardDefTask$1.onFailure():188 Task to load keyboard def was canceled.
10-11 23:43:10.627  1808  1808 I KeyboardDefManager: java.util.concurrent.CancellationException: Task was cancelled.
10-11 23:43:10.627  1808  1808 I KeyboardDefManager: 	at mrp.s(PG:3)
10-11 23:43:10.627  1808  1808 I KeyboardDefManager: 	at mrp.get(PG:4)
10-11 23:43:10.627  1808  1808 I KeyboardDefManager: 	at mgr.Q(PG:1)
10-11 23:43:10.627  1808  1808 I KeyboardDefManager: 	at mfu.V(PG:2)
10-11 23:43:10.627  1808  1808 I KeyboardDefManager: 	at mtg.run(PG:4)
10-11 23:43:10.627  1808  1808 I KeyboardDefManager: 	at android.os.Handler.handleCallback(Handler.java:958)
10-11 23:43:10.627  1808  1808 I KeyboardDefManager: 	at android.os.Handler.dispatchMessage(Handler.java:99)
10-11 23:43:10.627  1808  1808 I KeyboardDefManager: 	at android.os.Looper.loopOnce(Looper.java:205)
10-11 23:43:10.627  1808  1808 I KeyboardDefManager: 	at android.os.Looper.loop(Looper.java:294)
10-11 23:43:10.627  1808  1808 I KeyboardDefManager: 	at android.app.ActivityThread.main(ActivityThread.java:8177)
10-11 23:43:10.627  1808  1808 I KeyboardDefManager: 	at java.lang.reflect.Method.invoke(Native Method)
10-11 23:43:10.627  1808  1808 I KeyboardDefManager: 	at com.android.internal.os.RuntimeInit$MethodAndArgsCaller.run(RuntimeInit.java:552)
10-11 23:43:10.627  1808  1808 I KeyboardDefManager: 	at com.android.internal.os.ZygoteInit.main(ZygoteInit.java:971)
10-11 23:43:10.631 14474 14474 D LifecycleMonitor: Lifecycle status change: course.labs.activitylab.ActivityOne@2feaaf6 in: PRE_ON_CREATE
10-11 23:43:10.645  1808  2140 I SP      : Registering emoticon_content_description.2022081613, url: https://www.gstatic.com/android/keyboard/emoticon_content_desc/202208161305/superpacks_manifest.json, constraints: W:*:*:*, flags: bg, requested: 2022081613, current: 2022081613
10-11 23:43:10.646  1808  2140 I SP      : Registering content_cache.2022112214, url: https://www.gstatic.com/android/keyboard/modelpack/contentcache/202211221443/superpacks_manifest.json, constraints: W:*:*:*, flags: bg, requested: 2022112214, current: 2022112214
10-11 23:43:10.655  1808  2140 I SP      : Syncing emoticon_content_description (2022081613) with slices: [7a635888cb828dfa2fc744b7b9b50f04], metadata: false
10-11 23:43:10.660  1808  2140 I SP      : Syncing content_cache (2022112214) with slices: [e9a5a2de48a4f8b9a658b411bcfb375d, 8722425f4121ffdea802b1066df73991, fa1da98da1212aad6fb9a8efaff48148], metadata: true
10-11 23:43:10.663  1011  1011 I NoBackGesture: Config changed: newConfig={1.0 310mcc260mnc [en_US] ldltr sw393dp w393dp h737dp 440dpi nrml long port finger qwerty/v/v dpad/v winConfig={ mBounds=Rect(0, 0 - 1080, 2160) mAppBounds=Rect(0, 0 - 1080, 2094) mMaxBounds=Rect(0, 0 - 1080, 2160) mDisplayRotation=ROTATION_0 mWindowingMode=fullscreen mDisplayWindowingMode=fullscreen mActivityType=undefined mAlwaysOnTop=undefined mRotation=ROTATION_0} as.4 s.2043 fontWeightAdjustment=0} lastReportedConfig={1.0 310mcc260mnc [en_US] ldltr sw393dp w393dp h737dp 440dpi nrml long port finger qwerty/v/v dpad/v winConfig={ mBounds=Rect(0, 0 - 1080, 2160) mAppBounds=Rect(0, 0 - 1080, 2094) mMaxBounds=Rect(0, 0 - 1080, 2160) mDisplayRotation=ROTATION_0 mWindowingMode=fullscreen mDisplayWindowingMode=fullscreen mActivityType=undefined mAlwaysOnTop=undefined mRotation=ROTATION_0} as.4 s.2043 fontWeightAdjustment=0}
10-11 23:43:10.668   425  1093 I BpBinder: onLastStrongRef automatically unlinking death recipients:
10-11 23:43:10.670  1011  1081 E OpenGLRenderer: Unable to match the desired swap behavior.
10-11 23:43:10.670 14474 14474 I Lab-ActivityOne: Entered the onCreate() method
10-11 23:43:10.673 14474 14474 D LifecycleMonitor: Lifecycle status change: course.labs.activitylab.ActivityOne@2feaaf6 in: CREATED
10-11 23:43:10.676 14474 14474 I Lab-ActivityOne: Entered the onStart() method
